 profilerinterface_g

 Timestamp is 4be0944c (Tue May 04 17:40:28 2010)

 Preferred load address is 10000000

 Start         Length     Name                   Class
 0001:00000000 00006dc0H .text                   CODE
 0002:00000000 00000104H .CRT$XCA                DATA
 0002:00000104 00000104H .CRT$XCZ                DATA
 0002:00000208 00000104H .CRT$XIA                DATA
 0002:0000030c 00000104H .CRT$XIAA               DATA
 0002:00000410 00000104H .CRT$XIC                DATA
 0002:00000514 00000104H .CRT$XIZ                DATA
 0002:00000620 000001beH .rdata                  DATA
 0002:000007e0 00000190H .rdata$debug            DATA
 0002:00000970 00000104H .rdata$sxdata           DATA
 0002:00000a74 00000104H .rtc$IAA                DATA
 0002:00000b78 00000104H .rtc$IZZ                DATA
 0002:00000c7c 00000104H .rtc$TAA                DATA
 0002:00000d80 00000104H .rtc$TZZ                DATA
 0002:00000e88 0000019eH .xdata$x                DATA
 0002:00001030 00001063H .edata                  DATA
 0003:00000000 0000218bH .data                   DATA
 0003:00002190 0000055cH .bss                    DATA
 0004:00000000 00000028H .idata$2                DATA
 0004:00000028 00000014H .idata$3                DATA
 0004:0000003c 00000138H .idata$4                DATA
 0004:00000174 00000138H .idata$5                DATA
 0004:000002ac 00000476H .idata$6                DATA

  Address         Publics by Value              Rva+Base       Lib:Object

 0000:00000000       __except_list              00000000     <absolute>
 0000:00000001       ___safe_se_handler_count   00000001     <absolute>
 0000:00009876       __ldused                   00009876     <absolute>
 0000:00009876       __fltused                  00009876     <absolute>
 0000:00000000       ___ImageBase               10000000     <linker-defined>
 0001:000002b0       _Java_org_netbeans_lib_profiler_server_system_Classes_getAllLoadedClasses 100012b0 f   Classes.obj
 0001:00000490       _Java_org_netbeans_lib_profiler_server_system_Classes_cacheLoadedClasses 10001490 f   Classes.obj
 0001:00000520       _Java_org_netbeans_lib_profiler_server_system_Classes_getCachedClassFileBytes 10001520 f   Classes.obj
 0001:00000680       _register_class_prepare    10001680 f   Classes.obj
 0001:000006b0       _Java_org_netbeans_lib_profiler_server_system_Classes_enableClassLoadHook 100016b0 f   Classes.obj
 0001:000007c0       _Java_org_netbeans_lib_profiler_server_system_Classes_disableClassLoadHook 100017c0 f   Classes.obj
 0001:00000810       _Java_org_netbeans_lib_profiler_server_system_Classes_getObjectSize 10001810 f   Classes.obj
 0001:00000850       _Java_org_netbeans_lib_profiler_server_system_Classes_doRedefineClasses 10001850 f   Classes.obj
 0001:00000b40       _Java_org_netbeans_lib_profiler_server_system_Classes_notifyAboutClassLoaderUnloading 10001b40 f   Classes.obj
 0001:00000d80       _Java_org_netbeans_lib_profiler_server_system_Timers_getCurrentTimeInCounts 10001d80 f   Timers.obj
 0001:00000df0       _Java_org_netbeans_lib_profiler_server_system_Timers_getThreadCPUTimeInNanos 10001df0 f   Timers.obj
 0001:00000e60       _Java_org_netbeans_lib_profiler_server_system_Timers_osSleep 10001e60 f   Timers.obj
 0001:00000e70       _Java_org_netbeans_lib_profiler_server_system_Timers_enableMicrostateAccounting 10001e70 f   Timers.obj
 0001:00000ec0       _register_gc_start         10001ec0 f   GC.obj
 0001:00000f50       _register_gc_finish        10001f50 f   GC.obj
 0001:00000ff0       _enable_gc_start_finish_hook 10001ff0 f   GC.obj
 0001:000010f0       _Java_org_netbeans_lib_profiler_server_system_GC_activateGCEpochCounter 100020f0 f   GC.obj
 0001:00001170       _Java_org_netbeans_lib_profiler_server_system_GC_resetGCEpochCounter 10002170 f   GC.obj
 0001:00001180       _Java_org_netbeans_lib_profiler_server_system_GC_getCurrentGCEpoch 10002180 f   GC.obj
 0001:00001190       _Java_org_netbeans_lib_profiler_server_system_GC_objectsAdjacent 10002190 f   GC.obj
 0001:00001200       _Java_org_netbeans_lib_profiler_server_system_GC_getGCRelativeTimeMetrics 10002200 f   GC.obj
 0001:00001370       _Java_org_netbeans_lib_profiler_server_system_GC_getGCStartFinishTimes 10002370 f   GC.obj
 0001:000013c0       _Java_org_netbeans_lib_profiler_server_system_GC_runGC 100023c0 f   GC.obj
 0001:00001530       _Java_org_netbeans_lib_profiler_server_system_Threads_recordProfilerOwnThreads 10002530 f   Threads.obj
 0001:00001780       _Java_org_netbeans_lib_profiler_server_system_Threads_recordAdditionalProfilerOwnThread 10002780 f   Threads.obj
 0001:000017c0       _Java_org_netbeans_lib_profiler_server_system_Threads_getTotalNumberOfThreads 100027c0 f   Threads.obj
 0001:00001840       _Java_org_netbeans_lib_profiler_server_system_Threads_suspendTargetAppThreads 10002840 f   Threads.obj
 0001:000019f0       _Java_org_netbeans_lib_profiler_server_system_Threads_resumeTargetAppThreads 100029f0 f   Threads.obj
 0001:00001ae0       _Java_org_netbeans_lib_profiler_server_system_Threads_terminateTargetAppThreads 10002ae0 f   Threads.obj
 0001:00001bd0       _Java_org_netbeans_lib_profiler_server_system_Threads_targetAppThreadsExist 10002bd0 f   Threads.obj
 0001:00001cb0       _Java_org_netbeans_lib_profiler_server_system_Threads_getAllThreads 10002cb0 f   Threads.obj
 0001:00001e40       _Java_org_netbeans_lib_profiler_server_system_Threads_getThreadsStatus 10002e40 f   Threads.obj
 0001:00001f20       _Java_org_netbeans_lib_profiler_server_system_Threads_getJVMArguments 10002f20 f   Threads.obj
 0001:00001f50       _Java_org_netbeans_lib_profiler_server_system_Threads_getJavaCommand 10002f50 f   Threads.obj
 0001:00001f80       _convert_JVMTI_thread_status_to_jfluid_status 10002f80 f   Threads.obj
 0001:000022e0       _Java_org_netbeans_lib_profiler_server_system_Stacks_getCurrentJavaStackDepth 100032e0 f   Stacks.obj
 0001:00002310       _Java_org_netbeans_lib_profiler_server_system_Stacks_createNativeStackFrameBuffer 10003310 f   Stacks.obj
 0001:00002360       _Java_org_netbeans_lib_profiler_server_system_Stacks_clearNativeStackFrameBuffer 10003360 f   Stacks.obj
 0001:000023b0       _Java_org_netbeans_lib_profiler_server_system_Stacks_getCurrentStackFrameIds 100033b0 f   Stacks.obj
 0001:00002510       _Java_org_netbeans_lib_profiler_server_system_Stacks_getMethodNamesForJMethodIds 10003510 f   Stacks.obj
 0001:00002c50       _get_nano_time             10003c50 f   common_functions.obj
 0001:00002c80       _report_usage              10003c80 f   common_functions.obj
 0001:00002cd0       _initializeJVMTI           10003cd0 f   common_functions.obj
 0001:00002f50       _JNI_OnLoad                10003f50 f   common_functions.obj
 0001:00002fa0       _Agent_OnLoad              10003fa0 f   common_functions.obj
 0001:000031d0       _set_system_loader         100041d0 f   class_file_cache.obj
 0001:000032d0       _loader_is_system_loader   100042d0 f   class_file_cache.obj
 0001:00003330       _cache_loaded_classes      10004330 f   class_file_cache.obj
 0001:00003340       _hash                      10004340 f   class_file_cache.obj
 0001:000033a0       _grow_ctable               100043a0 f   class_file_cache.obj
 0001:00003570       _save_class_file_bytes     10004570 f   class_file_cache.obj
 0001:00003760       _get_saved_class_file_bytes 10004760 f   class_file_cache.obj
 0001:000038b0       _try_removing_bytes_for_unloaded_classes 100048b0 f   class_file_cache.obj
 0001:000038c0       _class_file_load_hook      100048c0 f   class_file_cache.obj
 0001:000039c0       _initializeMethods         100049c0 f   class_file_cache.obj
 0001:00003f10       _native_method_bind_hook   10004f10 f   class_file_cache.obj
 0001:00003f90       _waitInterceptor           10004f90 f   class_file_cache.obj
 0001:00004080       _sleepInterceptor          10005080 f   class_file_cache.obj
 0001:00004170       _monitor_contended_enter_hook 10005170 f   class_file_cache.obj
 0001:000041e0       _monitor_contended_entered_hook 100051e0 f   class_file_cache.obj
 0001:00004250       _vm_object_alloc           10005250 f   class_file_cache.obj
 0001:000042b0       _Java_org_netbeans_lib_profiler_server_system_Classes_setWaitTrackingEnabled 100052b0 f   class_file_cache.obj
 0001:000042e0       _Java_org_netbeans_lib_profiler_server_system_Classes_setSleepTrackingEnabled 100052e0 f   class_file_cache.obj
 0001:00004310       _Java_org_netbeans_lib_profiler_server_system_Classes_setVMObjectAllocEnabled 10005310 f   class_file_cache.obj
 0001:000047e0       _parse_options_and_extract_params 100057e0 f   attach.obj
 0001:000049b0       _setupAndCallProfilerRuntimeActivate 100059b0 f   attach.obj
 0001:00004b40       _vm_init_hook              10005b40 f   attach.obj
 0001:00004c30       _free                      10005c30 f   MSVCRTD:MSVCR80D.dll
 0001:00004c36       _malloc                    10005c36 f   MSVCRTD:MSVCR80D.dll
 0001:00004c3c       __wassert                  10005c3c f   MSVCRTD:MSVCR80D.dll
 0001:00004c42       _calloc                    10005c42 f   MSVCRTD:MSVCR80D.dll
 0001:00004c48       _strlen                    10005c48 f   MSVCRTD:MSVCR80D.dll
 0001:00004c4e       _memcpy                    10005c4e f   MSVCRTD:MSVCR80D.dll
 0001:00004c54       _fprintf                   10005c54 f   MSVCRTD:MSVCR80D.dll
 0001:00004c5a       ___iob_func                10005c5a f   MSVCRTD:MSVCR80D.dll
 0001:00004c60       _memmove                   10005c60 f   MSVCRTD:MSVCR80D.dll
 0001:00004c70       __alldiv                   10005c70 f   MSVCRTD:lldiv.obj
 0001:00004d20       __allmul                   10005d20 f   MSVCRTD:llmul.obj
 0001:00004d60       __ftol2_sse                10005d60 f   MSVCRTD:ftol2.obj
 0001:00004d69       __ftol2_pentium4           10005d69 f   MSVCRTD:ftol2.obj
 0001:00004d7c       __ftol2_sse_excpt          10005d7c f   MSVCRTD:ftol2.obj
 0001:00004d96       __ftol2                    10005d96 f   MSVCRTD:ftol2.obj
 0001:00004e0c       _strncpy                   10005e0c f   MSVCRTD:MSVCR80D.dll
 0001:00004e12       _memset                    10005e12 f   MSVCRTD:MSVCR80D.dll
 0001:00004e18       _strpbrk                   10005e18 f   MSVCRTD:MSVCR80D.dll
 0001:00004e1e       _strcpy                    10005e1e f   MSVCRTD:MSVCR80D.dll
 0001:00004e24       _strcmp                    10005e24 f   MSVCRTD:MSVCR80D.dll
 0001:00004e2a       _atoi                      10005e2a f   MSVCRTD:MSVCR80D.dll
 0001:00004e30       _strtol                    10005e30 f   MSVCRTD:MSVCR80D.dll
 0001:00004ec0       __CRT_INIT@12              10005ec0 f   MSVCRTD:crtdll.obj
 0001:00005100       _NtCurrentTeb              10006100 f i MSVCRTD:crtdll.obj
 0001:00005110       __DllMainCRTStartup@12     10006110 f   MSVCRTD:crtdll.obj
 0001:00005300       __get_sse2_info            10006300 f   MSVCRTD:cpu_disp.obj
 0001:00005420       ___sse2_available_init     10006420 f   MSVCRTD:cpu_disp.obj
 0001:00005440       ___clean_type_info_names   10006440 f   MSVCRTD:tncleanup.obj
 0001:00005460       __onexit                   10006460 f   MSVCRTD:atonexit.obj
 0001:00005570       _atexit                    10006570 f   MSVCRTD:atonexit.obj
 0001:00005590       __RTC_Initialize           10006590 f   MSVCRTD:initsect.obj
 0001:000055c0       __RTC_Terminate            100065c0 f   MSVCRTD:initsect.obj
 0001:000055e6       __encode_pointer           100065e6 f   MSVCRTD:MSVCR80D.dll
 0001:000055ec       __malloc_dbg               100065ec f   MSVCRTD:MSVCR80D.dll
 0001:000055f2       __free_dbg                 100065f2 f   MSVCRTD:MSVCR80D.dll
 0001:000055f8       __encoded_null             100065f8 f   MSVCRTD:MSVCR80D.dll
 0001:000055fe       __decode_pointer           100065fe f   MSVCRTD:MSVCR80D.dll
 0001:00005604       __CrtSetCheckCount         10006604 f   MSVCRTD:MSVCR80D.dll
 0001:00005610       __ValidateImageBase        10006610 f   MSVCRTD:pesect.obj
 0001:00005670       __FindPESection            10006670 f   MSVCRTD:pesect.obj
 0001:000056f0       __IsNonwritableInCurrentImage 100066f0 f   MSVCRTD:pesect.obj
 0001:00005800       __initterm                 10006800 f   MSVCRTD:MSVCR80D.dll
 0001:00005806       __initterm_e               10006806 f   MSVCRTD:MSVCR80D.dll
 0001:0000580c       __amsg_exit                1000680c f   MSVCRTD:MSVCR80D.dll
 0001:00005820       ___security_init_cookie    10006820 f   MSVCRTD:gs_support.obj
 0001:000058fa       ___CppXcptFilter           100068fa f   MSVCRTD:MSVCR80D.dll
 0001:00005900       _DllMain@12                10006900 f   MSVCRTD:dllmain.obj
 0001:00005930       __except_handler4          10006930 f   MSVCRTD:chandler4gs.obj
 0001:00005958       ___clean_type_info_names_internal 10006958 f   MSVCRTD:MSVCR80D.dll
 0001:0000595e       __unlock                   1000695e f   MSVCRTD:MSVCR80D.dll
 0001:00005964       ___dllonexit               10006964 f   MSVCRTD:MSVCR80D.dll
 0001:0000596a       __lock                     1000696a f   MSVCRTD:MSVCR80D.dll
 0001:00005970       __except_handler4_common   10006970 f   MSVCRTD:MSVCR80D.dll
 0001:00005980       @__security_check_cookie@4 10006980 f   MSVCRTD:secchk.obj
 0001:00005990       ___report_gsfailure        10006990 f   MSVCRTD:gs_report.obj
 0001:00005a9c       __crt_debugger_hook        10006a9c f   MSVCRTD:MSVCR80D.dll
 0001:00005aa2       _InterlockedExchange@8     10006aa2 f   kernel32:KERNEL32.dll
 0001:00005aa8       _Sleep@4                   10006aa8 f   kernel32:KERNEL32.dll
 0001:00005aae       _InterlockedCompareExchange@12 10006aae f   kernel32:KERNEL32.dll
 0001:00005ab4       _QueryPerformanceCounter@4 10006ab4 f   kernel32:KERNEL32.dll
 0001:00005aba       _GetTickCount@0            10006aba f   kernel32:KERNEL32.dll
 0001:00005ac0       _GetCurrentThreadId@0      10006ac0 f   kernel32:KERNEL32.dll
 0001:00005ac6       _GetCurrentProcessId@0     10006ac6 f   kernel32:KERNEL32.dll
 0001:00005acc       _GetSystemTimeAsFileTime@4 10006acc f   kernel32:KERNEL32.dll
 0001:00005ad2       _DisableThreadLibraryCalls@4 10006ad2 f   kernel32:KERNEL32.dll
 0001:00005ad8       _TerminateProcess@8        10006ad8 f   kernel32:KERNEL32.dll
 0001:00005ade       _GetCurrentProcess@0       10006ade f   kernel32:KERNEL32.dll
 0001:00005ae4       _UnhandledExceptionFilter@4 10006ae4 f   kernel32:KERNEL32.dll
 0001:00005aea       _SetUnhandledExceptionFilter@4 10006aea f   kernel32:KERNEL32.dll
 0001:00005af0       _IsDebuggerPresent@0       10006af0 f   kernel32:KERNEL32.dll
 0002:00000000       ___xc_a                    10008000     MSVCRTD:cinitexe.obj
 0002:00000104       ___xc_z                    10008104     MSVCRTD:cinitexe.obj
 0002:00000208       ___xi_a                    10008208     MSVCRTD:cinitexe.obj
 0002:00000514       ___xi_z                    10008514     MSVCRTD:cinitexe.obj
 0002:00000640       __real@408f400000000000    10008640     GC.obj
 0002:0000064c       __pRawDllMain              1000864c     MSVCRTD:crtdll.obj
 0002:0000064c       __pDefaultRawDllMain       1000864c     MSVCRTD:crtdll.obj
 0002:00000650       ??_C@_08EIBOPINA@crtdll?4c?$AA@ 10008650     MSVCRTD:crtdll.obj
 0002:0000065c       ?ProcessDetach@NativeDll@<CrtImplementationDetails>@@0IB 1000865c     MSVCRTD:tncleanup.obj
 0002:00000660       ?ProcessAttach@NativeDll@<CrtImplementationDetails>@@0IB 10008660     MSVCRTD:tncleanup.obj
 0002:00000664       ?ThreadAttach@NativeDll@<CrtImplementationDetails>@@0IB 10008664     MSVCRTD:tncleanup.obj
 0002:00000668       ?ThreadDetach@NativeDll@<CrtImplementationDetails>@@0IB 10008668     MSVCRTD:tncleanup.obj
 0002:0000066c       ?ProcessVerifier@NativeDll@<CrtImplementationDetails>@@0IB 1000866c     MSVCRTD:tncleanup.obj
 0002:00000678       __load_config_used         10008678     MSVCRTD:loadcfg.obj
 0002:00000970       ___safe_se_handler_table   10008970     <linker-defined>
 0002:00000a74       ___rtc_iaa                 10008a74     MSVCRTD:initsect.obj
 0002:00000b78       ___rtc_izz                 10008b78     MSVCRTD:initsect.obj
 0002:00000c7c       ___rtc_taa                 10008c7c     MSVCRTD:initsect.obj
 0002:00000d80       ___rtc_tzz                 10008d80     MSVCRTD:initsect.obj
 0003:00002070       ___native_dllmain_reason   1000d070     MSVCRTD:natstart.obj
 0003:00002074       ___native_vcclrit_reason   1000d074     MSVCRTD:natstart.obj
 0003:00002078       ___security_cookie         1000d078     MSVCRTD:gs_cookie.obj
 0003:0000207c       ___security_cookie_complement 1000d07c     MSVCRTD:gs_cookie.obj
 0003:00002358       __forceCRTManifest         1000d358     MSVCRTD:crtmanifest.obj
 0003:0000235c       ?__type_info_root_node@@3U__type_info_node@@A 1000d35c     MSVCRTD:tncleanup.obj
 0003:0000268c       __jvmti                    1000d68c     <common>
 0003:0000269c       __jvmti_callbacks          1000d69c     <common>
 0003:000026a0       __adjust_fdiv              1000d6a0     <common>
 0003:000026ac       ___native_startup_state    1000d6ac     <common>
 0003:000026bc       ___native_startup_lock     1000d6bc     <common>
 0003:000026c0       ___onexitend               1000d6c0     <common>
 0003:000026d0       ___onexitbegin             1000d6d0     <common>
 0003:000026d4       ___sse2_available          1000d6d4     <common>
 0003:000026e0       ___dyn_tls_init_callback   1000d6e0     <common>
 0004:00000000       __IMPORT_DESCRIPTOR_MSVCR80D 1000e000     MSVCRTD:MSVCR80D.dll
 0004:00000014       __IMPORT_DESCRIPTOR_KERNEL32 1000e014     kernel32:KERNEL32.dll
 0004:00000028       __NULL_IMPORT_DESCRIPTOR   1000e028     MSVCRTD:MSVCR80D.dll
 0004:00000174       __imp__SetUnhandledExceptionFilter@4 1000e174     kernel32:KERNEL32.dll
 0004:00000178       __imp__UnhandledExceptionFilter@4 1000e178     kernel32:KERNEL32.dll
 0004:0000017c       __imp__GetCurrentProcess@0 1000e17c     kernel32:KERNEL32.dll
 0004:00000180       __imp__TerminateProcess@8  1000e180     kernel32:KERNEL32.dll
 0004:00000184       __imp__DisableThreadLibraryCalls@4 1000e184     kernel32:KERNEL32.dll
 0004:00000188       __imp__GetSystemTimeAsFileTime@4 1000e188     kernel32:KERNEL32.dll
 0004:0000018c       __imp__GetCurrentProcessId@0 1000e18c     kernel32:KERNEL32.dll
 0004:00000190       __imp__GetCurrentThreadId@0 1000e190     kernel32:KERNEL32.dll
 0004:00000194       __imp__GetTickCount@0      1000e194     kernel32:KERNEL32.dll
 0004:00000198       __imp__QueryPerformanceCounter@4 1000e198     kernel32:KERNEL32.dll
 0004:0000019c       __imp__InterlockedCompareExchange@12 1000e19c     kernel32:KERNEL32.dll
 0004:000001a0       __imp__Sleep@4             1000e1a0     kernel32:KERNEL32.dll
 0004:000001a4       __imp__InterlockedExchange@8 1000e1a4     kernel32:KERNEL32.dll
 0004:000001a8       __imp__IsDebuggerPresent@0 1000e1a8     kernel32:KERNEL32.dll
 0004:000001ac       \177KERNEL32_NULL_THUNK_DATA 1000e1ac     kernel32:KERNEL32.dll
 0004:000001e0       __imp__strtol              1000e1e0     MSVCRTD:MSVCR80D.dll
 0004:000001e4       __imp___encode_pointer     1000e1e4     MSVCRTD:MSVCR80D.dll
 0004:000001e8       __imp___malloc_dbg         1000e1e8     MSVCRTD:MSVCR80D.dll
 0004:000001ec       __imp___free_dbg           1000e1ec     MSVCRTD:MSVCR80D.dll
 0004:000001f0       __imp___encoded_null       1000e1f0     MSVCRTD:MSVCR80D.dll
 0004:000001f4       __imp___decode_pointer     1000e1f4     MSVCRTD:MSVCR80D.dll
 0004:000001f8       __imp___CrtSetCheckCount   1000e1f8     MSVCRTD:MSVCR80D.dll
 0004:000001fc       __imp___initterm           1000e1fc     MSVCRTD:MSVCR80D.dll
 0004:00000200       __imp___initterm_e         1000e200     MSVCRTD:MSVCR80D.dll
 0004:00000204       __imp__atoi                1000e204     MSVCRTD:MSVCR80D.dll
 0004:00000208       __imp___adjust_fdiv        1000e208     MSVCRTD:MSVCR80D.dll
 0004:0000020c       __imp____CppXcptFilter     1000e20c     MSVCRTD:MSVCR80D.dll
 0004:00000210       __imp____clean_type_info_names_internal 1000e210     MSVCRTD:MSVCR80D.dll
 0004:00000214       __imp___unlock             1000e214     MSVCRTD:MSVCR80D.dll
 0004:00000218       __imp____dllonexit         1000e218     MSVCRTD:MSVCR80D.dll
 0004:0000021c       __imp___lock               1000e21c     MSVCRTD:MSVCR80D.dll
 0004:00000220       __imp___onexit             1000e220     MSVCRTD:MSVCR80D.dll
 0004:00000224       __imp___except_handler4_common 1000e224     MSVCRTD:MSVCR80D.dll
 0004:00000228       __imp___crt_debugger_hook  1000e228     MSVCRTD:MSVCR80D.dll
 0004:0000022c       __imp__strcmp              1000e22c     MSVCRTD:MSVCR80D.dll
 0004:00000230       __imp__strcpy              1000e230     MSVCRTD:MSVCR80D.dll
 0004:00000234       __imp__strpbrk             1000e234     MSVCRTD:MSVCR80D.dll
 0004:00000238       __imp__memset              1000e238     MSVCRTD:MSVCR80D.dll
 0004:0000023c       __imp__strncpy             1000e23c     MSVCRTD:MSVCR80D.dll
 0004:00000240       __imp__memmove             1000e240     MSVCRTD:MSVCR80D.dll
 0004:00000244       __imp____iob_func          1000e244     MSVCRTD:MSVCR80D.dll
 0004:00000248       __imp__fprintf             1000e248     MSVCRTD:MSVCR80D.dll
 0004:0000024c       __imp__memcpy              1000e24c     MSVCRTD:MSVCR80D.dll
 0004:00000250       __imp__strlen              1000e250     MSVCRTD:MSVCR80D.dll
 0004:00000254       __imp__calloc              1000e254     MSVCRTD:MSVCR80D.dll
 0004:00000258       __imp___wassert            1000e258     MSVCRTD:MSVCR80D.dll
 0004:0000025c       __imp__malloc              1000e25c     MSVCRTD:MSVCR80D.dll
 0004:00000260       __imp___amsg_exit          1000e260     MSVCRTD:MSVCR80D.dll
 0004:00000264       __imp__free                1000e264     MSVCRTD:MSVCR80D.dll
 0004:00000268       \177MSVCR80D_NULL_THUNK_DATA 1000e268     MSVCRTD:MSVCR80D.dll

 entry point at        0001:00005110

