 profilerinterface

 Timestamp is 4be0944b (Tue May 04 17:40:27 2010)

 Preferred load address is 10000000

 Start         Length     Name                   Class
 0001:00000000 0000390cH .text                   CODE
 0002:00000000 000000b4H .idata$5                DATA
 0002:000000b4 00000004H .CRT$XCA                DATA
 0002:000000b8 00000004H .CRT$XCZ                DATA
 0002:000000bc 00000004H .CRT$XIA                DATA
 0002:000000c0 00000004H .CRT$XIAA               DATA
 0002:000000c4 00000004H .CRT$XIC                DATA
 0002:000000c8 00000004H .CRT$XIZ                DATA
 0002:000000d0 00000060H .rdata                  DATA
 0002:00000130 00000004H .rdata$sxdata           DATA
 0002:00000134 00000004H .rtc$IAA                DATA
 0002:00000138 00000004H .rtc$IZZ                DATA
 0002:0000013c 00000004H .rtc$TAA                DATA
 0002:00000140 00000004H .rtc$TZZ                DATA
 0002:00000148 00000084H .xdata$x                DATA
 0002:000001cc 00000028H .idata$2                DATA
 0002:000001f4 00000014H .idata$3                DATA
 0002:00000208 000000b4H .idata$4                DATA
 0002:000002bc 000002e6H .idata$6                DATA
 0002:000005b0 00000cd1H .edata                  DATA
 0003:00000000 00001b10H .data                   DATA
 0003:00001b10 000004d0H .bss                    DATA

  Address         Publics by Value              Rva+Base       Lib:Object

 0000:00000000       __except_list              00000000     <absolute>
 0000:00000001       ___safe_se_handler_count   00000001     <absolute>
 0000:00009876       __fltused                  00009876     <absolute>
 0000:00009876       __ldused                   00009876     <absolute>
 0000:00000000       ___ImageBase               10000000     <linker-defined>
 0001:00000000       _Java_org_netbeans_lib_profiler_server_system_Classes_getAllLoadedClasses 10001000 f   Classes.obj
 0001:00000170       _Java_org_netbeans_lib_profiler_server_system_Classes_cacheLoadedClasses 10001170 f   Classes.obj
 0001:000001d0       _Java_org_netbeans_lib_profiler_server_system_Classes_getCachedClassFileBytes 100011d0 f   Classes.obj
 0001:00000300       _register_class_prepare    10001300 f   Classes.obj
 0001:00000330       _Java_org_netbeans_lib_profiler_server_system_Classes_enableClassLoadHook 10001330 f   Classes.obj
 0001:00000400       _Java_org_netbeans_lib_profiler_server_system_Classes_disableClassLoadHook 10001400 f   Classes.obj
 0001:00000440       _Java_org_netbeans_lib_profiler_server_system_Classes_getObjectSize 10001440 f   Classes.obj
 0001:00000470       _Java_org_netbeans_lib_profiler_server_system_Classes_doRedefineClasses 10001470 f   Classes.obj
 0001:000006c0       _Java_org_netbeans_lib_profiler_server_system_Classes_notifyAboutClassLoaderUnloading 100016c0 f   Classes.obj
 0001:000006d0       _Java_org_netbeans_lib_profiler_server_system_Timers_getCurrentTimeInCounts 100016d0 f   Timers.obj
 0001:00000730       _Java_org_netbeans_lib_profiler_server_system_Timers_getThreadCPUTimeInNanos 10001730 f   Timers.obj
 0001:00000790       _Java_org_netbeans_lib_profiler_server_system_Timers_osSleep 10001790 f   Timers.obj
 0001:000007a0       _Java_org_netbeans_lib_profiler_server_system_Timers_enableMicrostateAccounting 100017a0 f   Timers.obj
 0001:000007b0       _register_gc_start         100017b0 f   GC.obj
 0001:00000820       _register_gc_finish        10001820 f   GC.obj
 0001:000008a0       _enable_gc_start_finish_hook 100018a0 f   GC.obj
 0001:00000960       _Java_org_netbeans_lib_profiler_server_system_GC_activateGCEpochCounter 10001960 f   GC.obj
 0001:000009d0       _Java_org_netbeans_lib_profiler_server_system_GC_resetGCEpochCounter 100019d0 f   GC.obj
 0001:000009e0       _Java_org_netbeans_lib_profiler_server_system_GC_getCurrentGCEpoch 100019e0 f   GC.obj
 0001:000009f0       _Java_org_netbeans_lib_profiler_server_system_GC_objectsAdjacent 100019f0 f   GC.obj
 0001:00000a20       _Java_org_netbeans_lib_profiler_server_system_GC_getGCRelativeTimeMetrics 10001a20 f   GC.obj
 0001:00000b70       _Java_org_netbeans_lib_profiler_server_system_GC_getGCStartFinishTimes 10001b70 f   GC.obj
 0001:00000bb0       _Java_org_netbeans_lib_profiler_server_system_GC_runGC 10001bb0 f   GC.obj
 0001:00000c50       _Java_org_netbeans_lib_profiler_server_system_Threads_recordProfilerOwnThreads 10001c50 f   Threads.obj
 0001:00000e10       _Java_org_netbeans_lib_profiler_server_system_Threads_recordAdditionalProfilerOwnThread 10001e10 f   Threads.obj
 0001:00000e50       _Java_org_netbeans_lib_profiler_server_system_Threads_getTotalNumberOfThreads 10001e50 f   Threads.obj
 0001:00000ec0       _Java_org_netbeans_lib_profiler_server_system_Threads_suspendTargetAppThreads 10001ec0 f   Threads.obj
 0001:00000f80       _Java_org_netbeans_lib_profiler_server_system_Threads_resumeTargetAppThreads 10001f80 f   Threads.obj
 0001:00001040       _Java_org_netbeans_lib_profiler_server_system_Threads_terminateTargetAppThreads 10002040 f   Threads.obj
 0001:00001100       _Java_org_netbeans_lib_profiler_server_system_Threads_targetAppThreadsExist 10002100 f   Threads.obj
 0001:000011b0       _Java_org_netbeans_lib_profiler_server_system_Threads_getAllThreads 100021b0 f   Threads.obj
 0001:000012d0       _Java_org_netbeans_lib_profiler_server_system_Threads_getJVMArguments 100022d0 f   Threads.obj
 0001:000012f0       _Java_org_netbeans_lib_profiler_server_system_Threads_getJavaCommand 100022f0 f   Threads.obj
 0001:00001310       _convert_JVMTI_thread_status_to_jfluid_status 10002310 f   Threads.obj
 0001:00001370       _Java_org_netbeans_lib_profiler_server_system_Threads_getThreadsStatus 10002370 f   Threads.obj
 0001:000014b0       _Java_org_netbeans_lib_profiler_server_system_Stacks_getCurrentJavaStackDepth 100024b0 f   Stacks.obj
 0001:000014d0       _Java_org_netbeans_lib_profiler_server_system_Stacks_clearNativeStackFrameBuffer 100024d0 f   Stacks.obj
 0001:00001510       _Java_org_netbeans_lib_profiler_server_system_Stacks_getCurrentStackFrameIds 10002510 f   Stacks.obj
 0001:00001690       _Java_org_netbeans_lib_profiler_server_system_Stacks_getMethodNamesForJMethodIds 10002690 f   Stacks.obj
 0001:000019f0       _Java_org_netbeans_lib_profiler_server_system_Stacks_createNativeStackFrameBuffer 100029f0 f   Stacks.obj
 0001:00001a40       _get_nano_time             10002a40 f   common_functions.obj
 0001:00001a70       _report_usage              10002a70 f   common_functions.obj
 0001:00001ac0       _initializeJVMTI           10002ac0 f   common_functions.obj
 0001:00001c90       _JNI_OnLoad                10002c90 f   common_functions.obj
 0001:00001ce0       _Agent_OnLoad              10002ce0 f   common_functions.obj
 0001:00001dc0       _set_system_loader         10002dc0 f   class_file_cache.obj
 0001:00001e60       _loader_is_system_loader   10002e60 f   class_file_cache.obj
 0001:00001ea0       _cache_loaded_classes      10002ea0 f   class_file_cache.obj
 0001:00001eb0       _hash                      10002eb0 f   class_file_cache.obj
 0001:00001ef0       _grow_ctable               10002ef0 f   class_file_cache.obj
 0001:00002080       _get_saved_class_file_bytes 10003080 f   class_file_cache.obj
 0001:000021d0       _try_removing_bytes_for_unloaded_classes 100031d0 f   class_file_cache.obj
 0001:000021e0       _initializeMethods         100031e0 f   class_file_cache.obj
 0001:00002570       _waitInterceptor           10003570 f   class_file_cache.obj
 0001:00002620       _sleepInterceptor          10003620 f   class_file_cache.obj
 0001:000026d0       _monitor_contended_enter_hook 100036d0 f   class_file_cache.obj
 0001:00002730       _monitor_contended_entered_hook 10003730 f   class_file_cache.obj
 0001:00002790       _vm_object_alloc           10003790 f   class_file_cache.obj
 0001:000027e0       _Java_org_netbeans_lib_profiler_server_system_Classes_setWaitTrackingEnabled 100037e0 f   class_file_cache.obj
 0001:00002800       _Java_org_netbeans_lib_profiler_server_system_Classes_setSleepTrackingEnabled 10003800 f   class_file_cache.obj
 0001:00002820       _Java_org_netbeans_lib_profiler_server_system_Classes_setVMObjectAllocEnabled 10003820 f   class_file_cache.obj
 0001:00002860       _save_class_file_bytes     10003860 f   class_file_cache.obj
 0001:00002a50       _class_file_load_hook      10003a50 f   class_file_cache.obj
 0001:00002b60       _native_method_bind_hook   10003b60 f   class_file_cache.obj
 0001:00002bd0       _parse_options_and_extract_params 10003bd0 f   attach.obj
 0001:00002d40       _setupAndCallProfilerRuntimeActivate 10003d40 f   attach.obj
 0001:00002e70       _vm_init_hook              10003e70 f   attach.obj
 0001:00002e80       _memcpy                    10003e80 f   MSVCRT:MSVCR80.dll
 0001:00002e90       __alldiv                   10003e90 f   MSVCRT:lldiv.obj
 0001:00002f40       __allmul                   10003f40 f   MSVCRT:llmul.obj
 0001:00002f80       __ftol2_sse                10003f80 f   MSVCRT:ftol2.obj
 0001:00002f89       __ftol2_pentium4           10003f89 f   MSVCRT:ftol2.obj
 0001:00002f9c       __ftol2_sse_excpt          10003f9c f   MSVCRT:ftol2.obj
 0001:00002fb6       __ftol2                    10003fb6 f   MSVCRT:ftol2.obj
 0001:0000302c       _memset                    1000402c f   MSVCRT:MSVCR80.dll
 0001:0000307f       __CRT_INIT@12              1000407f f   MSVCRT:crtdll.obj
 0001:00003358       __DllMainCRTStartup@12     10004358 f   MSVCRT:crtdll.obj
 0001:000033c9       __get_sse2_info            100043c9 f   MSVCRT:cpu_disp.obj
 0001:00003429       ___sse2_available_init     10004429 f   MSVCRT:cpu_disp.obj
 0001:00003436       ___clean_type_info_names   10004436 f   MSVCRT:tncleanup.obj
 0001:00003442       __onexit                   10004442 f   MSVCRT:atonexit.obj
 0001:000034e7       _atexit                    100044e7 f   MSVCRT:atonexit.obj
 0001:000034f9       __RTC_Initialize           100044f9 f   MSVCRT:initsect.obj
 0001:0000351d       __RTC_Terminate            1000451d f   MSVCRT:initsect.obj
 0001:00003550       __ValidateImageBase        10004550 f   MSVCRT:pesect.obj
 0001:00003580       __FindPESection            10004580 f   MSVCRT:pesect.obj
 0001:000035d0       __IsNonwritableInCurrentImage 100045d0 f   MSVCRT:pesect.obj
 0001:0000368c       __initterm                 1000468c f   MSVCRT:MSVCR80.dll
 0001:00003692       __initterm_e               10004692 f   MSVCRT:MSVCR80.dll
 0001:00003698       __amsg_exit                10004698 f   MSVCRT:MSVCR80.dll
 0001:0000369e       ___CppXcptFilter           1000469e f   MSVCRT:MSVCR80.dll
 0001:000036a4       _DllMain@12                100046a4 f   MSVCRT:dllmain.obj
 0001:000036c4       __SEH_prolog4              100046c4 f   MSVCRT:sehprolg4.obj
 0001:00003709       __SEH_epilog4              10004709 f   MSVCRT:sehprolg4.obj
 0001:0000371d       __except_handler4          1000471d f   MSVCRT:chandler4gs.obj
 0001:00003740       ___security_init_cookie    10004740 f   MSVCRT:gs_support.obj
 0001:000037d4       ___clean_type_info_names_internal 100047d4 f   MSVCRT:MSVCR80.dll
 0001:000037da       __unlock                   100047da f   MSVCRT:MSVCR80.dll
 0001:000037e0       ___dllonexit               100047e0 f   MSVCRT:MSVCR80.dll
 0001:000037e6       __lock                     100047e6 f   MSVCRT:MSVCR80.dll
 0001:000037ec       @__security_check_cookie@4 100047ec f   MSVCRT:secchk.obj
 0001:000037fc       __except_handler4_common   100047fc f   MSVCRT:MSVCR80.dll
 0001:00003802       ___report_gsfailure        10004802 f   MSVCRT:gs_report.obj
 0001:00003906       __crt_debugger_hook        10004906 f   MSVCRT:MSVCR80.dll
 0002:00000000       __imp__SetUnhandledExceptionFilter@4 10005000     kernel32:KERNEL32.dll
 0002:00000004       __imp__UnhandledExceptionFilter@4 10005004     kernel32:KERNEL32.dll
 0002:00000008       __imp__GetCurrentProcess@0 10005008     kernel32:KERNEL32.dll
 0002:0000000c       __imp__TerminateProcess@8  1000500c     kernel32:KERNEL32.dll
 0002:00000010       __imp__GetSystemTimeAsFileTime@4 10005010     kernel32:KERNEL32.dll
 0002:00000014       __imp__GetCurrentProcessId@0 10005014     kernel32:KERNEL32.dll
 0002:00000018       __imp__GetCurrentThreadId@0 10005018     kernel32:KERNEL32.dll
 0002:0000001c       __imp__GetTickCount@0      1000501c     kernel32:KERNEL32.dll
 0002:00000020       __imp__QueryPerformanceCounter@4 10005020     kernel32:KERNEL32.dll
 0002:00000024       __imp__DisableThreadLibraryCalls@4 10005024     kernel32:KERNEL32.dll
 0002:00000028       __imp__InterlockedCompareExchange@12 10005028     kernel32:KERNEL32.dll
 0002:0000002c       __imp__Sleep@4             1000502c     kernel32:KERNEL32.dll
 0002:00000030       __imp__InterlockedExchange@8 10005030     kernel32:KERNEL32.dll
 0002:00000034       __imp__IsDebuggerPresent@0 10005034     kernel32:KERNEL32.dll
 0002:00000038       \177KERNEL32_NULL_THUNK_DATA 10005038     kernel32:KERNEL32.dll
 0002:0000003c       __imp___encoded_null       1000503c     MSVCRT:MSVCR80.dll
 0002:00000040       __imp___decode_pointer     10005040     MSVCRT:MSVCR80.dll
 0002:00000044       __imp___initterm           10005044     MSVCRT:MSVCR80.dll
 0002:00000048       __imp___initterm_e         10005048     MSVCRT:MSVCR80.dll
 0002:0000004c       __imp___amsg_exit          1000504c     MSVCRT:MSVCR80.dll
 0002:00000050       __imp___adjust_fdiv        10005050     MSVCRT:MSVCR80.dll
 0002:00000054       __imp____CppXcptFilter     10005054     MSVCRT:MSVCR80.dll
 0002:00000058       __imp___malloc_crt         10005058     MSVCRT:MSVCR80.dll
 0002:0000005c       __imp____clean_type_info_names_internal 1000505c     MSVCRT:MSVCR80.dll
 0002:00000060       __imp___unlock             10005060     MSVCRT:MSVCR80.dll
 0002:00000064       __imp____dllonexit         10005064     MSVCRT:MSVCR80.dll
 0002:00000068       __imp___lock               10005068     MSVCRT:MSVCR80.dll
 0002:0000006c       __imp___onexit             1000506c     MSVCRT:MSVCR80.dll
 0002:00000070       __imp___except_handler4_common 10005070     MSVCRT:MSVCR80.dll
 0002:00000074       __imp___crt_debugger_hook  10005074     MSVCRT:MSVCR80.dll
 0002:00000078       __imp___encode_pointer     10005078     MSVCRT:MSVCR80.dll
 0002:0000007c       __imp__strtol              1000507c     MSVCRT:MSVCR80.dll
 0002:00000080       __imp__atoi                10005080     MSVCRT:MSVCR80.dll
 0002:00000084       __imp__strpbrk             10005084     MSVCRT:MSVCR80.dll
 0002:00000088       __imp__memset              10005088     MSVCRT:MSVCR80.dll
 0002:0000008c       __imp__strncpy             1000508c     MSVCRT:MSVCR80.dll
 0002:00000090       __imp__memmove             10005090     MSVCRT:MSVCR80.dll
 0002:00000094       __imp__memcpy              10005094     MSVCRT:MSVCR80.dll
 0002:00000098       __imp____iob_func          10005098     MSVCRT:MSVCR80.dll
 0002:0000009c       __imp__fprintf             1000509c     MSVCRT:MSVCR80.dll
 0002:000000a0       __imp__calloc              100050a0     MSVCRT:MSVCR80.dll
 0002:000000a4       __imp___wassert            100050a4     MSVCRT:MSVCR80.dll
 0002:000000a8       __imp__malloc              100050a8     MSVCRT:MSVCR80.dll
 0002:000000ac       __imp__free                100050ac     MSVCRT:MSVCR80.dll
 0002:000000b0       \177MSVCR80_NULL_THUNK_DATA 100050b0     MSVCRT:MSVCR80.dll
 0002:000000b4       ___xc_a                    100050b4     MSVCRT:cinitexe.obj
 0002:000000b8       ___xc_z                    100050b8     MSVCRT:cinitexe.obj
 0002:000000bc       ___xi_a                    100050bc     MSVCRT:cinitexe.obj
 0002:000000c8       ___xi_z                    100050c8     MSVCRT:cinitexe.obj
 0002:000000d0       __real@408f400000000000    100050d0     GC.obj
 0002:000000d8       __pDefaultRawDllMain       100050d8     MSVCRT:crtdll.obj
 0002:000000d8       __pRawDllMain              100050d8     MSVCRT:crtdll.obj
 0002:000000e8       __load_config_used         100050e8     MSVCRT:loadcfg.obj
 0002:00000130       ___safe_se_handler_table   10005130     <linker-defined>
 0002:00000134       ___rtc_iaa                 10005134     MSVCRT:initsect.obj
 0002:00000138       ___rtc_izz                 10005138     MSVCRT:initsect.obj
 0002:0000013c       ___rtc_taa                 1000513c     MSVCRT:initsect.obj
 0002:00000140       ___rtc_tzz                 10005140     MSVCRT:initsect.obj
 0002:000001cc       __IMPORT_DESCRIPTOR_MSVCR80 100051cc     MSVCRT:MSVCR80.dll
 0002:000001e0       __IMPORT_DESCRIPTOR_KERNEL32 100051e0     kernel32:KERNEL32.dll
 0002:000001f4       __NULL_IMPORT_DESCRIPTOR   100051f4     MSVCRT:MSVCR80.dll
 0003:00001b00       ___native_dllmain_reason   10008b00     MSVCRT:natstart.obj
 0003:00001b04       ___native_vcclrit_reason   10008b04     MSVCRT:natstart.obj
 0003:00001b08       ___security_cookie         10008b08     MSVCRT:gs_cookie.obj
 0003:00001b0c       ___security_cookie_complement 10008b0c     MSVCRT:gs_cookie.obj
 0003:00001c88       __forceCRTManifest         10008c88     MSVCRT:crtmanifest.obj
 0003:00001c8c       ?__type_info_root_node@@3U__type_info_node@@A 10008c8c     MSVCRT:tncleanup.obj
 0003:00001fbc       __jvmti                    10008fbc     <common>
 0003:00001fc0       __jvmti_callbacks          10008fc0     <common>
 0003:00001fc4       __adjust_fdiv              10008fc4     <common>
 0003:00001fc8       ___native_startup_state    10008fc8     <common>
 0003:00001fcc       ___native_startup_lock     10008fcc     <common>
 0003:00001fd0       ___onexitend               10008fd0     <common>
 0003:00001fd4       ___onexitbegin             10008fd4     <common>
 0003:00001fd8       ___sse2_available          10008fd8     <common>
 0003:00001fdc       ___dyn_tls_init_callback   10008fdc     <common>

 entry point at        0001:00003358

 Static symbols

 0001:00000bd0       _isProfilerThread          10001bd0 f   Threads.obj
 0001:00001490       _convert_jmethodID_to_jint 10002490 f   Stacks.obj
 0001:000014a0       _convert_jint_to_jmethodID 100024a0 f   Stacks.obj
 0001:000015a0       _copy_into_data_array      100025a0 f   Stacks.obj
 0001:00001660       _copy_dummy_names_into_data_array 10002660 f   Stacks.obj
 0001:00003032       _pre_c_init                10004032 f   MSVCRT:crtdll.obj
 0001:00003242       ___DllMainCRTStartup       10004242 f   MSVCRT:crtdll.obj
 0001:00003379       _has_osfxsr_set            10004379 f   MSVCRT:cpu_disp.obj
