 profilerinterface

 Timestamp is 4e60cebc (Fri Sep 02 14:40:28 2011)

 Preferred load address is 0000000010000000

 Start         Length     Name                   Class
 0001:00000000 00004ba3H .text                   CODE
 0002:00000000 000000a0H .idata$5                DATA
 0002:000000a0 00000008H .CRT$XCA                DATA
 0002:000000a8 00000008H .CRT$XCZ                DATA
 0002:000000b0 00000008H .CRT$XIA                DATA
 0002:000000b8 00000008H .CRT$XIZ                DATA
 0002:000000c0 00000004H .rdata                  DATA
 0002:000000c4 000008a4H .xdata                  DATA
 0002:00000968 00000028H .idata$2                DATA
 0002:00000990 00000014H .idata$3                DATA
 0002:000009a8 000000a0H .idata$4                DATA
 0002:00000a48 000000ecH .idata$6                DATA
 0002:00000b40 00000d6eH .edata                  DATA
 0003:00000000 00001754H .data                   DATA
 0003:00001760 000002e8H .bss                    DATA
 0004:00000000 00000570H .pdata                  DATA
 0005:00000000 00000058H .rsrc$01                DATA
 0005:00000060 00000390H .rsrc$02                DATA

  Address         Publics by Value              Rva+Base             Lib:Object

 0000:00000000       ___safe_se_handler_table   0000000000000000     <absolute>
 0000:00000000       ___safe_se_handler_count   0000000000000000     <absolute>
 0001:00000000       Java_org_netbeans_lib_profiler_server_system_Classes_getAllLoadedClasses 0000000010001000 f   Classes.obj
 0001:000001f0       Java_org_netbeans_lib_profiler_server_system_Classes_cacheLoadedClasses 00000000100011f0 f   Classes.obj
 0001:000002b0       Java_org_netbeans_lib_profiler_server_system_Classes_getCachedClassFileBytes 00000000100012b0 f   Classes.obj
 0001:00000420       register_class_prepare     0000000010001420 f   Classes.obj
 0001:00000470       Java_org_netbeans_lib_profiler_server_system_Classes_enableClassLoadHook 0000000010001470 f   Classes.obj
 0001:00000570       Java_org_netbeans_lib_profiler_server_system_Classes_disableClassLoadHook 0000000010001570 f   Classes.obj
 0001:000005c0       Java_org_netbeans_lib_profiler_server_system_Classes_getObjectSize 00000000100015c0 f   Classes.obj
 0001:000005f0       Java_org_netbeans_lib_profiler_server_system_Classes_doRedefineClasses 00000000100015f0 f   Classes.obj
 0001:00000910       Java_org_netbeans_lib_profiler_server_system_Classes_notifyAboutClassLoaderUnloading 0000000010001910 f   Classes.obj
 0001:00000920       Java_org_netbeans_lib_profiler_server_system_HeapDump_initialize15 0000000010001920 f   HeapDump.obj
 0001:00000980       Java_org_netbeans_lib_profiler_server_system_HeapDump_takeHeapDump15Native 0000000010001980 f   HeapDump.obj
 0001:00000a10       Java_org_netbeans_lib_profiler_server_system_Timers_getThreadCPUTimeInNanos 0000000010001a10 f   Timers.obj
 0001:00000a80       Java_org_netbeans_lib_profiler_server_system_Timers_osSleep 0000000010001a80 f   Timers.obj
 0001:00000a90       Java_org_netbeans_lib_profiler_server_system_Timers_enableMicrostateAccounting 0000000010001a90 f   Timers.obj
 0001:00000aa0       register_gc_start          0000000010001aa0 f   GC.obj
 0001:00000b30       register_gc_finish         0000000010001b30 f   GC.obj
 0001:00000bc0       enable_gc_start_finish_hook 0000000010001bc0 f   GC.obj
 0001:00000cb0       Java_org_netbeans_lib_profiler_server_system_GC_activateGCEpochCounter 0000000010001cb0 f   GC.obj
 0001:00000e10       Java_org_netbeans_lib_profiler_server_system_GC_resetGCEpochCounter 0000000010001e10 f   GC.obj
 0001:00000e20       Java_org_netbeans_lib_profiler_server_system_GC_getCurrentGCEpoch 0000000010001e20 f   GC.obj
 0001:00000e30       Java_org_netbeans_lib_profiler_server_system_GC_objectsAdjacent 0000000010001e30 f   GC.obj
 0001:00000e60       Java_org_netbeans_lib_profiler_server_system_GC_getGCRelativeTimeMetrics 0000000010001e60 f   GC.obj
 0001:00000fb0       Java_org_netbeans_lib_profiler_server_system_GC_getGCStartFinishTimes 0000000010001fb0 f   GC.obj
 0001:00001020       Java_org_netbeans_lib_profiler_server_system_GC_runGC 0000000010002020 f   GC.obj
 0001:00001040       convert_JVMTI_thread_status_to_jfluid_status 0000000010002040 f   Threads.obj
 0001:000011a0       Java_org_netbeans_lib_profiler_server_system_Threads_recordProfilerOwnThreads 00000000100021a0 f   Threads.obj
 0001:000013e0       Java_org_netbeans_lib_profiler_server_system_Threads_recordAdditionalProfilerOwnThread 00000000100023e0 f   Threads.obj
 0001:00001440       Java_org_netbeans_lib_profiler_server_system_Threads_getTotalNumberOfThreads 0000000010002440 f   Threads.obj
 0001:000014b0       Java_org_netbeans_lib_profiler_server_system_Threads_suspendTargetAppThreads 00000000100024b0 f   Threads.obj
 0001:00001660       Java_org_netbeans_lib_profiler_server_system_Threads_resumeTargetAppThreads 0000000010002660 f   Threads.obj
 0001:00001810       Java_org_netbeans_lib_profiler_server_system_Threads_terminateTargetAppThreads 0000000010002810 f   Threads.obj
 0001:000019c0       Java_org_netbeans_lib_profiler_server_system_Threads_targetAppThreadsExist 00000000100029c0 f   Threads.obj
 0001:00001b60       Java_org_netbeans_lib_profiler_server_system_Threads_getAllThreads 0000000010002b60 f   Threads.obj
 0001:00001cf0       Java_org_netbeans_lib_profiler_server_system_Threads_getThreadsStatus 0000000010002cf0 f   Threads.obj
 0001:00001e00       Java_org_netbeans_lib_profiler_server_system_Threads_getJVMArguments 0000000010002e00 f   Threads.obj
 0001:00001e20       Java_org_netbeans_lib_profiler_server_system_Threads_getJavaCommand 0000000010002e20 f   Threads.obj
 0001:00001ee0       Java_org_netbeans_lib_profiler_server_system_Stacks_getCurrentJavaStackDepth 0000000010002ee0 f   Stacks.obj
 0001:00001f10       Java_org_netbeans_lib_profiler_server_system_Stacks_clearNativeStackFrameBuffer 0000000010002f10 f   Stacks.obj
 0001:00001f60       Java_org_netbeans_lib_profiler_server_system_Stacks_getCurrentStackFrameIds 0000000010002f60 f   Stacks.obj
 0001:00002410       Java_org_netbeans_lib_profiler_server_system_Stacks_getMethodNamesForJMethodIds 0000000010003410 f   Stacks.obj
 0001:000027f0       Java_org_netbeans_lib_profiler_server_system_Stacks_getAllStackTraces 00000000100037f0 f   Stacks.obj
 0001:00002b90       Java_org_netbeans_lib_profiler_server_system_Stacks_createNativeStackFrameBuffer 0000000010003b90 f   Stacks.obj
 0001:00002bf0       get_nano_time              0000000010003bf0 f   common_functions.obj
 0001:00002c20       report_usage               0000000010003c20 f   common_functions.obj
 0001:00002c80       initializeJVMTI            0000000010003c80 f   common_functions.obj
 0001:00002ec0       JNI_OnLoad                 0000000010003ec0 f   common_functions.obj
 0001:00002f20       Agent_OnLoad               0000000010003f20 f   common_functions.obj
 0001:000030a0       set_system_loader          00000000100040a0 f   class_file_cache.obj
 0001:00003200       loader_is_system_loader    0000000010004200 f   class_file_cache.obj
 0001:00003270       cache_loaded_classes       0000000010004270 f   class_file_cache.obj
 0001:000032d0       hash                       00000000100042d0 f   class_file_cache.obj
 0001:00003340       grow_ctable                0000000010004340 f   class_file_cache.obj
 0001:000035c0       get_saved_class_file_bytes 00000000100045c0 f   class_file_cache.obj
 0001:000037a0       try_removing_bytes_for_unloaded_classes 00000000100047a0 f   class_file_cache.obj
 0001:000037b0       initializeMethods          00000000100047b0 f   class_file_cache.obj
 0001:00003c60       waitInterceptor            0000000010004c60 f   class_file_cache.obj
 0001:00003d40       sleepInterceptor           0000000010004d40 f   class_file_cache.obj
 0001:00003e20       monitor_contended_enter_hook 0000000010004e20 f   class_file_cache.obj
 0001:00003eb0       monitor_contended_entered_hook 0000000010004eb0 f   class_file_cache.obj
 0001:00003f40       vm_object_alloc            0000000010004f40 f   class_file_cache.obj
 0001:00003fc0       Java_org_netbeans_lib_profiler_server_system_Classes_setWaitTrackingEnabled 0000000010004fc0 f   class_file_cache.obj
 0001:00003ff0       Java_org_netbeans_lib_profiler_server_system_Classes_setSleepTrackingEnabled 0000000010004ff0 f   class_file_cache.obj
 0001:00004020       Java_org_netbeans_lib_profiler_server_system_Classes_setVMObjectAllocEnabled 0000000010005020 f   class_file_cache.obj
 0001:00004070       save_class_file_bytes      0000000010005070 f   class_file_cache.obj
 0001:000042d0       class_file_load_hook       00000000100052d0 f   class_file_cache.obj
 0001:00004450       native_method_bind_hook    0000000010005450 f   class_file_cache.obj
 0001:000044e0       parse_options_and_extract_params 00000000100054e0 f   attach.obj
 0001:000046b0       setupAndCallProfilerRuntimeActivate 00000000100056b0 f   attach.obj
 0001:00004880       vm_init_hook               0000000010005880 f   attach.obj
 0001:0000488e       malloc                     000000001000588e f   MSVCRT:msvcrt.dll
 0001:00004894       memcpy                     0000000010005894 f   MSVCRT:msvcrt.dll
 0001:0000489a       memmove                    000000001000589a f   MSVCRT:msvcrt.dll
 0001:000048a0       memset                     00000000100058a0 f   MSVCRT:msvcrt.dll
 0001:000048b0       _CRT_INIT                  00000000100058b0 f   MSVCRT:crtdll.obj
 0001:00004990       _DllMainCRTStartup         0000000010005990 f   MSVCRT:crtdll.obj
 0001:00004b00       _initterm                  0000000010005b00 f   MSVCRT:msvcrt.dll
 0001:00004b10       _malloc_crt                0000000010005b10 f   MSVCRT:crtheap.obj
 0001:00004b80       DllMain                    0000000010005b80 f   MSVCRT:dllmain.obj
 0002:00000000       __imp_Sleep                0000000010006000     kernel32:KERNEL32.dll
 0002:00000008       __imp_GetModuleHandleA     0000000010006008     kernel32:KERNEL32.dll
 0002:00000010       __imp_GetProcAddress       0000000010006010     kernel32:KERNEL32.dll
 0002:00000018       __imp_DisableThreadLibraryCalls 0000000010006018     kernel32:KERNEL32.dll
 0002:00000020       \177KERNEL32_NULL_THUNK_DATA 0000000010006020     kernel32:KERNEL32.dll
 0002:00000028       __imp__iob                 0000000010006028     MSVCRT:msvcrt.dll
 0002:00000030       __imp_memcpy               0000000010006030     MSVCRT:msvcrt.dll
 0002:00000038       __imp_memmove              0000000010006038     MSVCRT:msvcrt.dll
 0002:00000040       __imp_strncpy              0000000010006040     MSVCRT:msvcrt.dll
 0002:00000048       __imp_memset               0000000010006048     MSVCRT:msvcrt.dll
 0002:00000050       __imp_strpbrk              0000000010006050     MSVCRT:msvcrt.dll
 0002:00000058       __imp_fprintf              0000000010006058     MSVCRT:msvcrt.dll
 0002:00000060       __imp_strtol               0000000010006060     MSVCRT:msvcrt.dll
 0002:00000068       __imp__initterm            0000000010006068     MSVCRT:msvcrt.dll
 0002:00000070       __imp_calloc               0000000010006070     MSVCRT:msvcrt.dll
 0002:00000078       __imp__assert              0000000010006078     MSVCRT:msvcrt.dll
 0002:00000080       __imp_malloc               0000000010006080     MSVCRT:msvcrt.dll
 0002:00000088       __imp_atoi                 0000000010006088     MSVCRT:msvcrt.dll
 0002:00000090       __imp_free                 0000000010006090     MSVCRT:msvcrt.dll
 0002:00000098       \177msvcrt_NULL_THUNK_DATA 0000000010006098     MSVCRT:msvcrt.dll
 0002:000000a0       __xc_a                     00000000100060a0     MSVCRT:cinitexe.obj
 0002:000000a8       __xc_z                     00000000100060a8     MSVCRT:cinitexe.obj
 0002:000000b0       __xi_a                     00000000100060b0     MSVCRT:cinitexe.obj
 0002:000000b8       __xi_z                     00000000100060b8     MSVCRT:cinitexe.obj
 0002:000000c0       __real@447a0000            00000000100060c0     GC.obj
 0002:00000968       __IMPORT_DESCRIPTOR_msvcrt 0000000010006968     MSVCRT:msvcrt.dll
 0002:0000097c       __IMPORT_DESCRIPTOR_KERNEL32 000000001000697c     kernel32:KERNEL32.dll
 0002:00000990       __NULL_IMPORT_DESCRIPTOR   0000000010006990     MSVCRT:msvcrt.dll
 0003:00001750       _fltused                   0000000010009750     MSVCRT:dllsupp.obj
 0003:00001a18       _jvmti                     0000000010009a18     <common>
 0003:00001a20       _jvmti_callbacks           0000000010009a20     <common>
 0003:00001a28       JVM_DumpHeap15             0000000010009a28     <common>
 0003:00001a30       __onexitend                0000000010009a30     <common>
 0003:00001a38       __onexitbegin              0000000010009a38     <common>
 0003:00001a40       _pRawDllMain               0000000010009a40     <common>

 entry point at        0001:00004990

 Static symbols

 0001:000010b0       isProfilerThread           00000000100020b0 f   Threads.obj
 0001:00001e40       convert_jmethodID_to_jint  0000000010002e40 f   Stacks.obj
 0001:00001ec0       convert_jint_to_jmethodID  0000000010002ec0 f   Stacks.obj
 0001:000020c0       copy_into_data_array       00000000100030c0 f   Stacks.obj
 0001:000021c0       copy_dummy_names_into_data_array 00000000100031c0 f   Stacks.obj
