 profilerinterface

 Timestamp is 67818f7c (Fri Jan 10 22:22:04 2025)

 Preferred load address is 0000000180000000

 Start         Length     Name                   Class
 0001:00000000 000051a7H .text                   CODE
 0001:000051a7 0000033aH .text$x                 CODE
 0002:00000000 000000d8H .idata$5                DATA
 0002:000000d8 00000008H .CRT$XCA                DATA
 0002:000000e0 00000008H .CRT$XCZ                DATA
 0002:000000e8 00000008H .CRT$XIA                DATA
 0002:000000f0 00000008H .CRT$XIAA               DATA
 0002:000000f8 00000008H .CRT$XIZ                DATA
 0002:00000100 00000010H .rdata                  DATA
 0002:00000110 00000794H .xdata                  DATA
 0002:000008a4 00000028H .idata$2                DATA
 0002:000008cc 00000014H .idata$3                DATA
 0002:000008e0 000000d8H .idata$4                DATA
 0002:000009b8 0000017cH .idata$6                DATA
 0002:00000b40 00000f22H .edata                  DATA
 0003:00000000 00001e80H .data                   DATA
 0003:00001e80 000002f8H .bss                    DATA
 0004:00000000 00000570H .pdata                  DATA
 0005:00000000 00000058H .rsrc$01                DATA
 0005:00000060 00000398H .rsrc$02                DATA

  Address         Publics by Value              Rva+Base               Lib:Object

 0000:00000000       ___safe_se_handler_count   0000000000000000     <absolute>
 0000:00000000       ___safe_se_handler_table   0000000000000000     <absolute>
 0000:00000000       __ImageBase                0000000180000000     <linker-defined>
 0001:00000000       Java_org_graalvm_visualvm_lib_jfluid_server_system_Classes_getAllLoadedClasses 0000000180001000 f   Classes.obj
 0001:000001e0       Java_org_graalvm_visualvm_lib_jfluid_server_system_Classes_cacheLoadedClasses 00000001800011e0 f   Classes.obj
 0001:00000280       Java_org_graalvm_visualvm_lib_jfluid_server_system_Classes_getCachedClassFileBytes 0000000180001280 f   Classes.obj
 0001:000003d0       register_class_prepare     00000001800013d0 f   Classes.obj
 0001:00000420       Java_org_graalvm_visualvm_lib_jfluid_server_system_Classes_enableClassLoadHook 0000000180001420 f   Classes.obj
 0001:00000520       Java_org_graalvm_visualvm_lib_jfluid_server_system_Classes_disableClassLoadHook 0000000180001520 f   Classes.obj
 0001:00000570       Java_org_graalvm_visualvm_lib_jfluid_server_system_Classes_getObjectSize 0000000180001570 f   Classes.obj
 0001:000005a0       Java_org_graalvm_visualvm_lib_jfluid_server_system_Classes_doRedefineClasses 00000001800015a0 f   Classes.obj
 0001:00000880       Java_org_graalvm_visualvm_lib_jfluid_server_system_Classes_notifyAboutClassLoaderUnloading 0000000180001880 f   Classes.obj
 0001:00000890       Java_org_graalvm_visualvm_lib_jfluid_server_system_HeapDump_initialize15 0000000180001890 f   HeapDump.obj
 0001:00000900       Java_org_graalvm_visualvm_lib_jfluid_server_system_HeapDump_takeHeapDump15Native 0000000180001900 f   HeapDump.obj
 0001:00000980       Java_org_graalvm_visualvm_lib_jfluid_server_system_Timers_getThreadCPUTimeInNanos 0000000180001980 f   Timers.obj
 0001:00000a00       Java_org_graalvm_visualvm_lib_jfluid_server_system_Timers_osSleep 0000000180001a00 f   Timers.obj
 0001:00000a10       Java_org_graalvm_visualvm_lib_jfluid_server_system_Timers_enableMicrostateAccounting 0000000180001a10 f   Timers.obj
 0001:00000a20       register_gc_start          0000000180001a20 f   GC.obj
 0001:00000ab0       register_gc_finish         0000000180001ab0 f   GC.obj
 0001:00000b40       enable_gc_start_finish_hook 0000000180001b40 f   GC.obj
 0001:00000c30       Java_org_graalvm_visualvm_lib_jfluid_server_system_GC_activateGCEpochCounter 0000000180001c30 f   GC.obj
 0001:00000d90       Java_org_graalvm_visualvm_lib_jfluid_server_system_GC_resetGCEpochCounter 0000000180001d90 f   GC.obj
 0001:00000db0       Java_org_graalvm_visualvm_lib_jfluid_server_system_GC_getCurrentGCEpoch 0000000180001db0 f   GC.obj
 0001:00000dc0       Java_org_graalvm_visualvm_lib_jfluid_server_system_GC_objectsAdjacent 0000000180001dc0 f   GC.obj
 0001:00000df0       Java_org_graalvm_visualvm_lib_jfluid_server_system_GC_getGCRelativeTimeMetrics 0000000180001df0 f   GC.obj
 0001:00000f30       Java_org_graalvm_visualvm_lib_jfluid_server_system_GC_getGCStartFinishTimes 0000000180001f30 f   GC.obj
 0001:00000fa0       Java_org_graalvm_visualvm_lib_jfluid_server_system_GC_runGC 0000000180001fa0 f   GC.obj
 0001:00000fc0       convert_JVMTI_thread_status_to_jfluid_status 0000000180001fc0 f   Threads.obj
 0001:00001120       Java_org_graalvm_visualvm_lib_jfluid_server_system_Threads_recordProfilerOwnThreads 0000000180002120 f   Threads.obj
 0001:00001360       Java_org_graalvm_visualvm_lib_jfluid_server_system_Threads_recordAdditionalProfilerOwnThread 0000000180002360 f   Threads.obj
 0001:000013b0       Java_org_graalvm_visualvm_lib_jfluid_server_system_Threads_getTotalNumberOfThreads 00000001800023b0 f   Threads.obj
 0001:00001420       Java_org_graalvm_visualvm_lib_jfluid_server_system_Threads_suspendTargetAppThreads 0000000180002420 f   Threads.obj
 0001:000015c0       Java_org_graalvm_visualvm_lib_jfluid_server_system_Threads_resumeTargetAppThreads 00000001800025c0 f   Threads.obj
 0001:00001760       Java_org_graalvm_visualvm_lib_jfluid_server_system_Threads_terminateTargetAppThreads 0000000180002760 f   Threads.obj
 0001:000018f0       Java_org_graalvm_visualvm_lib_jfluid_server_system_Threads_targetAppThreadsExist 00000001800028f0 f   Threads.obj
 0001:00001a70       Java_org_graalvm_visualvm_lib_jfluid_server_system_Threads_getAllThreads 0000000180002a70 f   Threads.obj
 0001:00001be0       Java_org_graalvm_visualvm_lib_jfluid_server_system_Threads_getThreadsStatus 0000000180002be0 f   Threads.obj
 0001:00001d60       Java_org_graalvm_visualvm_lib_jfluid_server_system_Threads_getJVMArguments 0000000180002d60 f   Threads.obj
 0001:00001d80       Java_org_graalvm_visualvm_lib_jfluid_server_system_Threads_getJavaCommand 0000000180002d80 f   Threads.obj
 0001:00001e40       Java_org_graalvm_visualvm_lib_jfluid_server_system_Stacks_getCurrentJavaStackDepth 0000000180002e40 f   Stacks.obj
 0001:00001e70       Java_org_graalvm_visualvm_lib_jfluid_server_system_Stacks_clearNativeStackFrameBuffer 0000000180002e70 f   Stacks.obj
 0001:00001ec0       Java_org_graalvm_visualvm_lib_jfluid_server_system_Stacks_getCurrentStackFrameIds 0000000180002ec0 f   Stacks.obj
 0001:00002400       Java_org_graalvm_visualvm_lib_jfluid_server_system_Stacks_getMethodNamesForJMethodIds 0000000180003400 f   Stacks.obj
 0001:00002820       Java_org_graalvm_visualvm_lib_jfluid_server_system_Stacks_getAllStackTraces 0000000180003820 f   Stacks.obj
 0001:00002bb0       Java_org_graalvm_visualvm_lib_jfluid_server_system_Stacks_createNativeStackFrameBuffer 0000000180003bb0 f   Stacks.obj
 0001:00002c10       get_nano_time              0000000180003c10 f   common_functions.obj
 0001:00002c40       report_usage               0000000180003c40 f   common_functions.obj
 0001:00002ee0       JNI_OnLoad                 0000000180003ee0 f   common_functions.obj
 0001:00002f40       Agent_OnLoad               0000000180003f40 f   common_functions.obj
 0001:000030a0       cache_loaded_classes       00000001800040a0 f   class_file_cache.obj
 0001:000033f0       get_saved_class_file_bytes 00000001800043f0 f   class_file_cache.obj
 0001:000035c0       try_removing_bytes_for_unloaded_classes 00000001800045c0 f   class_file_cache.obj
 0001:000039f0       waitInterceptor            00000001800049f0 f   class_file_cache.obj
 0001:00003ac0       sleepInterceptor           0000000180004ac0 f   class_file_cache.obj
 0001:00003b90       parkInterceptor            0000000180004b90 f   class_file_cache.obj
 0001:00003c80       monitor_contended_enter_hook 0000000180004c80 f   class_file_cache.obj
 0001:00003d80       monitor_contended_entered_hook 0000000180004d80 f   class_file_cache.obj
 0001:00003e00       vm_object_alloc            0000000180004e00 f   class_file_cache.obj
 0001:00003eb0       Java_org_graalvm_visualvm_lib_jfluid_server_system_Classes_setParkTrackingEnabled 0000000180004eb0 f   class_file_cache.obj
 0001:00003f10       Java_org_graalvm_visualvm_lib_jfluid_server_system_Classes_setLockContentionMonitoringEnabled 0000000180004f10 f   class_file_cache.obj
 0001:00003f20       Java_org_graalvm_visualvm_lib_jfluid_server_system_Classes_setWaitTrackingEnabled 0000000180004f20 f   class_file_cache.obj
 0001:00003f90       Java_org_graalvm_visualvm_lib_jfluid_server_system_Classes_setSleepTrackingEnabled 0000000180004f90 f   class_file_cache.obj
 0001:00003ff0       Java_org_graalvm_visualvm_lib_jfluid_server_system_Classes_setVMObjectAllocEnabled 0000000180004ff0 f   class_file_cache.obj
 0001:000042d0       class_file_load_hook       00000001800052d0 f   class_file_cache.obj
 0001:00004470       native_method_bind_hook    0000000180005470 f   class_file_cache.obj
 0001:00004840       parse_options_and_extract_params 0000000180005840 f   attach.obj
 0001:00004bc0       vm_init_hook               0000000180005bc0 f   attach.obj
 0001:00004bce       memcpy                     0000000180005bce f   MSVCRT:msvcrt.dll
 0001:00004bd4       memset                     0000000180005bd4 f   MSVCRT:msvcrt.dll
 0001:00004c10       _CRT_INIT                  0000000180005c10 f   MSVCRT:crtdll.obj
 0001:00004fd4       _DllMainCRTStartup         0000000180005fd4 f   MSVCRT:crtdll.obj
 0001:00005012       _XcptFilter                0000000180006012 f   MSVCRT:msvcrt.dll
 0001:00005020       _ValidateImageBase         0000000180006020 f   MSVCRT:pesect.obj
 0001:00005050       _FindPESection             0000000180006050 f   MSVCRT:pesect.obj
 0001:00005098       _IsNonwritableInCurrentImage 0000000180006098 f   MSVCRT:pesect.obj
 0001:000050da       _initterm                  00000001800060da f   MSVCRT:msvcrt.dll
 0001:000050e0       _amsg_exit                 00000001800060e0 f   MSVCRT:msvcrt.dll
 0001:000050e6       __C_specific_handler       00000001800060e6 f   MSVCRT:msvcrt.dll
 0001:000050ec       DllMain                    00000001800060ec f   MSVCRT:dllmain.obj
 0001:000050f4       __security_init_cookie     00000001800060f4 f   MSVCRT:gs_support.obj
 0002:00000000       __imp_GetCurrentProcessId  0000000180007000     kernel32:KERNEL32.dll
 0002:00000008       __imp_GetCurrentThreadId   0000000180007008     kernel32:KERNEL32.dll
 0002:00000010       __imp_GetTickCount         0000000180007010     kernel32:KERNEL32.dll
 0002:00000018       __imp_QueryPerformanceCounter 0000000180007018     kernel32:KERNEL32.dll
 0002:00000020       __imp_Sleep                0000000180007020     kernel32:KERNEL32.dll
 0002:00000028       __imp_GetModuleHandleA     0000000180007028     kernel32:KERNEL32.dll
 0002:00000030       __imp_GetProcAddress       0000000180007030     kernel32:KERNEL32.dll
 0002:00000038       __imp_GetSystemTimeAsFileTime 0000000180007038     kernel32:KERNEL32.dll
 0002:00000040       \177KERNEL32_NULL_THUNK_DATA 0000000180007040     kernel32:KERNEL32.dll
 0002:00000048       __imp_memset               0000000180007048     MSVCRT:msvcrt.dll
 0002:00000050       __imp_strpbrk              0000000180007050     MSVCRT:msvcrt.dll
 0002:00000058       __imp_atoi                 0000000180007058     MSVCRT:msvcrt.dll
 0002:00000060       __imp_strtol               0000000180007060     MSVCRT:msvcrt.dll
 0002:00000068       __imp__XcptFilter          0000000180007068     MSVCRT:msvcrt.dll
 0002:00000070       __imp__initterm            0000000180007070     MSVCRT:msvcrt.dll
 0002:00000078       __imp_strncpy              0000000180007078     MSVCRT:msvcrt.dll
 0002:00000080       __imp___C_specific_handler 0000000180007080     MSVCRT:msvcrt.dll
 0002:00000088       __imp_memmove              0000000180007088     MSVCRT:msvcrt.dll
 0002:00000090       __imp_memcpy               0000000180007090     MSVCRT:msvcrt.dll
 0002:00000098       __imp___iob_func           0000000180007098     MSVCRT:msvcrt.dll
 0002:000000a0       __imp_fprintf              00000001800070a0     MSVCRT:msvcrt.dll
 0002:000000a8       __imp_calloc               00000001800070a8     MSVCRT:msvcrt.dll
 0002:000000b0       __imp__wassert             00000001800070b0     MSVCRT:msvcrt.dll
 0002:000000b8       __imp_malloc               00000001800070b8     MSVCRT:msvcrt.dll
 0002:000000c0       __imp__amsg_exit           00000001800070c0     MSVCRT:msvcrt.dll
 0002:000000c8       __imp_free                 00000001800070c8     MSVCRT:msvcrt.dll
 0002:000000d0       \177msvcrt_NULL_THUNK_DATA 00000001800070d0     MSVCRT:msvcrt.dll
 0002:000000d8       __xc_a                     00000001800070d8     MSVCRT:cinitexe.obj
 0002:000000e0       __xc_z                     00000001800070e0     MSVCRT:cinitexe.obj
 0002:000000e8       __xi_a                     00000001800070e8     MSVCRT:cinitexe.obj
 0002:000000f8       __xi_z                     00000001800070f8     MSVCRT:cinitexe.obj
 0002:00000100       __real@447a0000            0000000180007100     GC.obj
 0002:00000108       _pDefaultRawDllMain        0000000180007108     MSVCRT:crtdll.obj
 0002:000008a4       __IMPORT_DESCRIPTOR_msvcrt 00000001800078a4     MSVCRT:msvcrt.dll
 0002:000008b8       __IMPORT_DESCRIPTOR_KERNEL32 00000001800078b8     kernel32:KERNEL32.dll
 0002:000008cc       __NULL_IMPORT_DESCRIPTOR   00000001800078cc     MSVCRT:msvcrt.dll
 0003:00001e60       _fltused                   000000018000ae60     MSVCRT:dllsupp.obj
 0003:00001e64       __native_dllmain_reason    000000018000ae64     MSVCRT:natstart.obj
 0003:00001e68       __native_vcclrit_reason    000000018000ae68     MSVCRT:natstart.obj
 0003:00001e70       __security_cookie          000000018000ae70     MSVCRT:gs_cookie.obj
 0003:00001e78       __security_cookie_complement 000000018000ae78     MSVCRT:gs_cookie.obj
 0003:00002130       _jvmti                     000000018000b130     <common>
 0003:00002138       _jvmti_callbacks           000000018000b138     <common>
 0003:00002140       JVM_DumpHeap15             000000018000b140     <common>
 0003:00002148       __native_startup_state     000000018000b148     <common>
 0003:00002150       __native_startup_lock      000000018000b150     <common>
 0003:00002158       __onexitend                000000018000b158     <common>
 0003:00002160       __onexitbegin              000000018000b160     <common>
 0003:00002168       _pRawDllMain               000000018000b168     <common>
 0003:00002170       __dyn_tls_init_callback    000000018000b170     <common>

 entry point at        0001:00004fd4

 Static symbols

 0001:00001040       isProfilerThread           0000000180002040 f   Threads.obj
 0001:00001da0       convert_jmethodID_to_jint  0000000180002da0 f   Stacks.obj
 0001:00001e20       convert_jint_to_jmethodID  0000000180002e20 f   Stacks.obj
 0001:00002020       copy_into_data_array       0000000180003020 f   Stacks.obj
 0001:00002110       copy_dummy_names_into_data_array 0000000180003110 f   Stacks.obj
 0001:00002ca0       initializeJVMTI            0000000180003ca0 f   common_functions.obj
 0001:00003100       isSameObject               0000000180004100 f   class_file_cache.obj
 0001:00003130       hash                       0000000180004130 f   class_file_cache.obj
 0001:000031b0       grow_ctable                00000001800041b0 f   class_file_cache.obj
 0001:000035d0       getOwner                   00000001800045d0 f   class_file_cache.obj
 0001:00003640       initializeMethods          0000000180004640 f   class_file_cache.obj
 0001:00004040       save_class_file_bytes      0000000180005040 f   class_file_cache.obj
 0001:00004a00       setupAndCallProfilerRuntimeActivate 0000000180005a00 f   attach.obj
 0001:00004bdc       pre_c_init                 0000000180005bdc f   MSVCRT:crtdll.obj
 0001:00004de4       __DllMainCRTStartup        0000000180005de4 f   MSVCRT:crtdll.obj
 0001:000051a7       __DllMainCRTStartup$filt$0 00000001800061a7 f   MSVCRT:crtdll.obj
 0001:00005207       __DllMainCRTStartup$filt$1 0000000180006207 f   MSVCRT:crtdll.obj
 0001:00005267       __DllMainCRTStartup$filt$2 0000000180006267 f   MSVCRT:crtdll.obj
 0001:000052c7       __DllMainCRTStartup$filt$3 00000001800062c7 f   MSVCRT:crtdll.obj
 0001:00005327       __DllMainCRTStartup$filt$4 0000000180006327 f   MSVCRT:crtdll.obj
 0001:00005387       __DllMainCRTStartup$filt$5 0000000180006387 f   MSVCRT:crtdll.obj
 0001:000053e7       __DllMainCRTStartup$filt$6 00000001800063e7 f   MSVCRT:crtdll.obj
 0001:00005447       __DllMainCRTStartup$filt$7 0000000180006447 f   MSVCRT:crtdll.obj
 0001:000054a7       __DllMainCRTStartup$fin$8  00000001800064a7 f   MSVCRT:crtdll.obj
 0001:000054c0       _IsNonwritableInCurrentImage$filt$0 00000001800064c0 f   MSVCRT:pesect.obj
