 profilerinterface

 Timestamp is 5200a5d4 (Tue Aug 06 09:29:24 2013)

 Preferred load address is 0000000010000000

 Start         Length     Name                   Class
 0001:00000000 00004f23H .text                   CODE
 0002:00000000 000000a0H .idata$5                DATA
 0002:000000a0 00000008H .CRT$XCA                DATA
 0002:000000a8 00000008H .CRT$XCZ                DATA
 0002:000000b0 00000008H .CRT$XIA                DATA
 0002:000000b8 00000008H .CRT$XIZ                DATA
 0002:000000c0 00000004H .rdata                  DATA
 0002:000000c4 000008dcH .xdata                  DATA
 0002:000009a0 00000028H .idata$2                DATA
 0002:000009c8 00000014H .idata$3                DATA
 0002:000009e0 000000a0H .idata$4                DATA
 0002:00000a80 000000ecH .idata$6                DATA
 0002:00000b70 00000dc4H .edata                  DATA
 0003:00000000 00001844H .data                   DATA
 0003:00001850 000002f0H .bss                    DATA
 0004:00000000 000005a0H .pdata                  DATA
 0005:00000000 00000058H .rsrc$01                DATA
 0005:00000060 00000390H .rsrc$02                DATA

  Address         Publics by Value              Rva+Base             Lib:Object

 0000:00000000       ___safe_se_handler_table   0000000000000000     <absolute>
 0000:00000000       ___safe_se_handler_count   0000000000000000     <absolute>
 0001:00000000       Java_org_netbeans_lib_profiler_server_system_Classes_getAllLoadedClasses 0000000010001000 f   Classes.obj
 0001:000001f0       Java_org_netbeans_lib_profiler_server_system_Classes_cacheLoadedClasses 00000000100011f0 f   Classes.obj
 0001:000002b0       Java_org_netbeans_lib_profiler_server_system_Classes_getCachedClassFileBytes 00000000100012b0 f   Classes.obj
 0001:00000420       register_class_prepare     0000000010001420 f   Classes.obj
 0001:00000470       Java_org_netbeans_lib_profiler_server_system_Classes_enableClassLoadHook 0000000010001470 f   Classes.obj
 0001:00000570       Java_org_netbeans_lib_profiler_server_system_Classes_disableClassLoadHook 0000000010001570 f   Classes.obj
 0001:000005c0       Java_org_netbeans_lib_profiler_server_system_Classes_getObjectSize 00000000100015c0 f   Classes.obj
 0001:000005f0       Java_org_netbeans_lib_profiler_server_system_Classes_doRedefineClasses 00000000100015f0 f   Classes.obj
 0001:00000910       Java_org_netbeans_lib_profiler_server_system_Classes_notifyAboutClassLoaderUnloading 0000000010001910 f   Classes.obj
 0001:00000920       Java_org_netbeans_lib_profiler_server_system_HeapDump_initialize15 0000000010001920 f   HeapDump.obj
 0001:00000980       Java_org_netbeans_lib_profiler_server_system_HeapDump_takeHeapDump15Native 0000000010001980 f   HeapDump.obj
 0001:00000a10       Java_org_netbeans_lib_profiler_server_system_Timers_getThreadCPUTimeInNanos 0000000010001a10 f   Timers.obj
 0001:00000a80       Java_org_netbeans_lib_profiler_server_system_Timers_osSleep 0000000010001a80 f   Timers.obj
 0001:00000a90       Java_org_netbeans_lib_profiler_server_system_Timers_enableMicrostateAccounting 0000000010001a90 f   Timers.obj
 0001:00000aa0       register_gc_start          0000000010001aa0 f   GC.obj
 0001:00000b30       register_gc_finish         0000000010001b30 f   GC.obj
 0001:00000bc0       enable_gc_start_finish_hook 0000000010001bc0 f   GC.obj
 0001:00000cb0       Java_org_netbeans_lib_profiler_server_system_GC_activateGCEpochCounter 0000000010001cb0 f   GC.obj
 0001:00000e10       Java_org_netbeans_lib_profiler_server_system_GC_resetGCEpochCounter 0000000010001e10 f   GC.obj
 0001:00000e20       Java_org_netbeans_lib_profiler_server_system_GC_getCurrentGCEpoch 0000000010001e20 f   GC.obj
 0001:00000e30       Java_org_netbeans_lib_profiler_server_system_GC_objectsAdjacent 0000000010001e30 f   GC.obj
 0001:00000e60       Java_org_netbeans_lib_profiler_server_system_GC_getGCRelativeTimeMetrics 0000000010001e60 f   GC.obj
 0001:00000fb0       Java_org_netbeans_lib_profiler_server_system_GC_getGCStartFinishTimes 0000000010001fb0 f   GC.obj
 0001:00001020       Java_org_netbeans_lib_profiler_server_system_GC_runGC 0000000010002020 f   GC.obj
 0001:00001040       convert_JVMTI_thread_status_to_jfluid_status 0000000010002040 f   Threads.obj
 0001:000011b0       Java_org_netbeans_lib_profiler_server_system_Threads_recordProfilerOwnThreads 00000000100021b0 f   Threads.obj
 0001:000013f0       Java_org_netbeans_lib_profiler_server_system_Threads_recordAdditionalProfilerOwnThread 00000000100023f0 f   Threads.obj
 0001:00001450       Java_org_netbeans_lib_profiler_server_system_Threads_getTotalNumberOfThreads 0000000010002450 f   Threads.obj
 0001:000014c0       Java_org_netbeans_lib_profiler_server_system_Threads_suspendTargetAppThreads 00000000100024c0 f   Threads.obj
 0001:00001670       Java_org_netbeans_lib_profiler_server_system_Threads_resumeTargetAppThreads 0000000010002670 f   Threads.obj
 0001:00001820       Java_org_netbeans_lib_profiler_server_system_Threads_terminateTargetAppThreads 0000000010002820 f   Threads.obj
 0001:000019d0       Java_org_netbeans_lib_profiler_server_system_Threads_targetAppThreadsExist 00000000100029d0 f   Threads.obj
 0001:00001b70       Java_org_netbeans_lib_profiler_server_system_Threads_getAllThreads 0000000010002b70 f   Threads.obj
 0001:00001d00       Java_org_netbeans_lib_profiler_server_system_Threads_getThreadsStatus 0000000010002d00 f   Threads.obj
 0001:00001e10       Java_org_netbeans_lib_profiler_server_system_Threads_getJVMArguments 0000000010002e10 f   Threads.obj
 0001:00001e30       Java_org_netbeans_lib_profiler_server_system_Threads_getJavaCommand 0000000010002e30 f   Threads.obj
 0001:00001ef0       Java_org_netbeans_lib_profiler_server_system_Stacks_getCurrentJavaStackDepth 0000000010002ef0 f   Stacks.obj
 0001:00001f20       Java_org_netbeans_lib_profiler_server_system_Stacks_clearNativeStackFrameBuffer 0000000010002f20 f   Stacks.obj
 0001:00001f70       Java_org_netbeans_lib_profiler_server_system_Stacks_getCurrentStackFrameIds 0000000010002f70 f   Stacks.obj
 0001:00002420       Java_org_netbeans_lib_profiler_server_system_Stacks_getMethodNamesForJMethodIds 0000000010003420 f   Stacks.obj
 0001:00002800       Java_org_netbeans_lib_profiler_server_system_Stacks_getAllStackTraces 0000000010003800 f   Stacks.obj
 0001:00002bc0       Java_org_netbeans_lib_profiler_server_system_Stacks_createNativeStackFrameBuffer 0000000010003bc0 f   Stacks.obj
 0001:00002c20       get_nano_time              0000000010003c20 f   common_functions.obj
 0001:00002c50       report_usage               0000000010003c50 f   common_functions.obj
 0001:00002cb0       initializeJVMTI            0000000010003cb0 f   common_functions.obj
 0001:00002ee0       JNI_OnLoad                 0000000010003ee0 f   common_functions.obj
 0001:00002f40       Agent_OnLoad               0000000010003f40 f   common_functions.obj
 0001:000030c0       set_system_loader          00000000100040c0 f   class_file_cache.obj
 0001:000031f0       loader_is_system_loader    00000000100041f0 f   class_file_cache.obj
 0001:00003260       cache_loaded_classes       0000000010004260 f   class_file_cache.obj
 0001:00003270       hash                       0000000010004270 f   class_file_cache.obj
 0001:000032e0       grow_ctable                00000000100042e0 f   class_file_cache.obj
 0001:00003560       get_saved_class_file_bytes 0000000010004560 f   class_file_cache.obj
 0001:00003740       try_removing_bytes_for_unloaded_classes 0000000010004740 f   class_file_cache.obj
 0001:00003750       initializeMethods          0000000010004750 f   class_file_cache.obj
 0001:00003b20       waitInterceptor            0000000010004b20 f   class_file_cache.obj
 0001:00003c00       sleepInterceptor           0000000010004c00 f   class_file_cache.obj
 0001:00003ce0       parkInterceptor            0000000010004ce0 f   class_file_cache.obj
 0001:00003dd0       monitor_contended_enter_hook 0000000010004dd0 f   class_file_cache.obj
 0001:00003e50       monitor_contended_entered_hook 0000000010004e50 f   class_file_cache.obj
 0001:00003ed0       vm_object_alloc            0000000010004ed0 f   class_file_cache.obj
 0001:00003f50       Java_org_netbeans_lib_profiler_server_system_Classes_setParkTrackingEnabled 0000000010004f50 f   class_file_cache.obj
 0001:00003fb0       Java_org_netbeans_lib_profiler_server_system_Classes_setWaitTrackingEnabled 0000000010004fb0 f   class_file_cache.obj
 0001:00004020       Java_org_netbeans_lib_profiler_server_system_Classes_setSleepTrackingEnabled 0000000010005020 f   class_file_cache.obj
 0001:00004080       Java_org_netbeans_lib_profiler_server_system_Classes_setVMObjectAllocEnabled 0000000010005080 f   class_file_cache.obj
 0001:000040d0       save_class_file_bytes      00000000100050d0 f   class_file_cache.obj
 0001:00004330       class_file_load_hook       0000000010005330 f   class_file_cache.obj
 0001:000044b0       native_method_bind_hook    00000000100054b0 f   class_file_cache.obj
 0001:00004860       parse_options_and_extract_params 0000000010005860 f   attach.obj
 0001:00004a30       setupAndCallProfilerRuntimeActivate 0000000010005a30 f   attach.obj
 0001:00004c00       vm_init_hook               0000000010005c00 f   attach.obj
 0001:00004c0e       malloc                     0000000010005c0e f   MSVCRT:msvcrt.dll
 0001:00004c14       memcpy                     0000000010005c14 f   MSVCRT:msvcrt.dll
 0001:00004c1a       memmove                    0000000010005c1a f   MSVCRT:msvcrt.dll
 0001:00004c20       memset                     0000000010005c20 f   MSVCRT:msvcrt.dll
 0001:00004c30       _CRT_INIT                  0000000010005c30 f   MSVCRT:crtdll.obj
 0001:00004d10       _DllMainCRTStartup         0000000010005d10 f   MSVCRT:crtdll.obj
 0001:00004e80       _initterm                  0000000010005e80 f   MSVCRT:msvcrt.dll
 0001:00004e90       _malloc_crt                0000000010005e90 f   MSVCRT:crtheap.obj
 0001:00004f00       DllMain                    0000000010005f00 f   MSVCRT:dllmain.obj
 0002:00000000       __imp_Sleep                0000000010006000     kernel32:KERNEL32.dll
 0002:00000008       __imp_GetModuleHandleA     0000000010006008     kernel32:KERNEL32.dll
 0002:00000010       __imp_GetProcAddress       0000000010006010     kernel32:KERNEL32.dll
 0002:00000018       __imp_DisableThreadLibraryCalls 0000000010006018     kernel32:KERNEL32.dll
 0002:00000020       \177KERNEL32_NULL_THUNK_DATA 0000000010006020     kernel32:KERNEL32.dll
 0002:00000028       __imp__iob                 0000000010006028     MSVCRT:msvcrt.dll
 0002:00000030       __imp_memcpy               0000000010006030     MSVCRT:msvcrt.dll
 0002:00000038       __imp_memmove              0000000010006038     MSVCRT:msvcrt.dll
 0002:00000040       __imp_strncpy              0000000010006040     MSVCRT:msvcrt.dll
 0002:00000048       __imp_memset               0000000010006048     MSVCRT:msvcrt.dll
 0002:00000050       __imp_strpbrk              0000000010006050     MSVCRT:msvcrt.dll
 0002:00000058       __imp_fprintf              0000000010006058     MSVCRT:msvcrt.dll
 0002:00000060       __imp_strtol               0000000010006060     MSVCRT:msvcrt.dll
 0002:00000068       __imp__initterm            0000000010006068     MSVCRT:msvcrt.dll
 0002:00000070       __imp_calloc               0000000010006070     MSVCRT:msvcrt.dll
 0002:00000078       __imp__assert              0000000010006078     MSVCRT:msvcrt.dll
 0002:00000080       __imp_malloc               0000000010006080     MSVCRT:msvcrt.dll
 0002:00000088       __imp_atoi                 0000000010006088     MSVCRT:msvcrt.dll
 0002:00000090       __imp_free                 0000000010006090     MSVCRT:msvcrt.dll
 0002:00000098       \177msvcrt_NULL_THUNK_DATA 0000000010006098     MSVCRT:msvcrt.dll
 0002:000000a0       __xc_a                     00000000100060a0     MSVCRT:cinitexe.obj
 0002:000000a8       __xc_z                     00000000100060a8     MSVCRT:cinitexe.obj
 0002:000000b0       __xi_a                     00000000100060b0     MSVCRT:cinitexe.obj
 0002:000000b8       __xi_z                     00000000100060b8     MSVCRT:cinitexe.obj
 0002:000000c0       __real@447a0000            00000000100060c0     GC.obj
 0002:000009a0       __IMPORT_DESCRIPTOR_msvcrt 00000000100069a0     MSVCRT:msvcrt.dll
 0002:000009b4       __IMPORT_DESCRIPTOR_KERNEL32 00000000100069b4     kernel32:KERNEL32.dll
 0002:000009c8       __NULL_IMPORT_DESCRIPTOR   00000000100069c8     MSVCRT:msvcrt.dll
 0003:00001840       _fltused                   0000000010009840     MSVCRT:dllsupp.obj
 0003:00001b10       _jvmti                     0000000010009b10     <common>
 0003:00001b18       _jvmti_callbacks           0000000010009b18     <common>
 0003:00001b20       JVM_DumpHeap15             0000000010009b20     <common>
 0003:00001b28       __onexitend                0000000010009b28     <common>
 0003:00001b30       __onexitbegin              0000000010009b30     <common>
 0003:00001b38       _pRawDllMain               0000000010009b38     <common>

 entry point at        0001:00004d10

 Static symbols

 0001:000010c0       isProfilerThread           00000000100020c0 f   Threads.obj
 0001:00001e50       convert_jmethodID_to_jint  0000000010002e50 f   Stacks.obj
 0001:00001ed0       convert_jint_to_jmethodID  0000000010002ed0 f   Stacks.obj
 0001:000020d0       copy_into_data_array       00000000100030d0 f   Stacks.obj
 0001:000021d0       copy_dummy_names_into_data_array 00000000100031d0 f   Stacks.obj
