 profilerinterface

 Timestamp is 4cd7fb9f (Mon Nov 08 14:31:11 2010)

 Preferred load address is 0000000010000000

 Start         Length     Name                   Class
 0001:00000000 00004793H .text                   CODE
 0002:00000000 000000a0H .idata$5                DATA
 0002:000000a0 00000008H .CRT$XCA                DATA
 0002:000000a8 00000008H .CRT$XCZ                DATA
 0002:000000b0 00000008H .CRT$XIA                DATA
 0002:000000b8 00000008H .CRT$XIZ                DATA
 0002:000000c0 00000004H .rdata                  DATA
 0002:000000c4 00000810H .xdata                  DATA
 0002:000008d4 00000028H .idata$2                DATA
 0002:000008fc 00000014H .idata$3                DATA
 0002:00000910 000000a0H .idata$4                DATA
 0002:000009b0 000000ecH .idata$6                DATA
 0002:00000aa0 00000d1eH .edata                  DATA
 0003:00000000 000016f4H .data                   DATA
 0003:00001700 000002d8H .bss                    DATA
 0004:00000000 0000051cH .pdata                  DATA
 0005:00000000 00000058H .rsrc$01                DATA
 0005:00000060 00000390H .rsrc$02                DATA

  Address         Publics by Value              Rva+Base             Lib:Object

 0000:00000000       ___safe_se_handler_count   0000000000000000     <absolute>
 0000:00000000       ___safe_se_handler_table   0000000000000000     <absolute>
 0001:00000000       Java_org_netbeans_lib_profiler_server_system_Classes_getAllLoadedClasses 0000000010001000 f   Classes.obj
 0001:000001f0       Java_org_netbeans_lib_profiler_server_system_Classes_cacheLoadedClasses 00000000100011f0 f   Classes.obj
 0001:000002b0       Java_org_netbeans_lib_profiler_server_system_Classes_getCachedClassFileBytes 00000000100012b0 f   Classes.obj
 0001:00000420       register_class_prepare     0000000010001420 f   Classes.obj
 0001:00000470       Java_org_netbeans_lib_profiler_server_system_Classes_enableClassLoadHook 0000000010001470 f   Classes.obj
 0001:00000570       Java_org_netbeans_lib_profiler_server_system_Classes_disableClassLoadHook 0000000010001570 f   Classes.obj
 0001:000005c0       Java_org_netbeans_lib_profiler_server_system_Classes_getObjectSize 00000000100015c0 f   Classes.obj
 0001:000005f0       Java_org_netbeans_lib_profiler_server_system_Classes_doRedefineClasses 00000000100015f0 f   Classes.obj
 0001:00000910       Java_org_netbeans_lib_profiler_server_system_Classes_notifyAboutClassLoaderUnloading 0000000010001910 f   Classes.obj
 0001:00000920       Java_org_netbeans_lib_profiler_server_system_HeapDump_initialize15 0000000010001920 f   HeapDump.obj
 0001:00000980       Java_org_netbeans_lib_profiler_server_system_HeapDump_takeHeapDump15Native 0000000010001980 f   HeapDump.obj
 0001:00000a10       Java_org_netbeans_lib_profiler_server_system_Timers_getThreadCPUTimeInNanos 0000000010001a10 f   Timers.obj
 0001:00000a80       Java_org_netbeans_lib_profiler_server_system_Timers_osSleep 0000000010001a80 f   Timers.obj
 0001:00000a90       Java_org_netbeans_lib_profiler_server_system_Timers_enableMicrostateAccounting 0000000010001a90 f   Timers.obj
 0001:00000aa0       register_gc_start          0000000010001aa0 f   GC.obj
 0001:00000b30       register_gc_finish         0000000010001b30 f   GC.obj
 0001:00000bc0       enable_gc_start_finish_hook 0000000010001bc0 f   GC.obj
 0001:00000cb0       Java_org_netbeans_lib_profiler_server_system_GC_activateGCEpochCounter 0000000010001cb0 f   GC.obj
 0001:00000e10       Java_org_netbeans_lib_profiler_server_system_GC_resetGCEpochCounter 0000000010001e10 f   GC.obj
 0001:00000e20       Java_org_netbeans_lib_profiler_server_system_GC_getCurrentGCEpoch 0000000010001e20 f   GC.obj
 0001:00000e30       Java_org_netbeans_lib_profiler_server_system_GC_objectsAdjacent 0000000010001e30 f   GC.obj
 0001:00000e60       Java_org_netbeans_lib_profiler_server_system_GC_getGCRelativeTimeMetrics 0000000010001e60 f   GC.obj
 0001:00000fb0       Java_org_netbeans_lib_profiler_server_system_GC_getGCStartFinishTimes 0000000010001fb0 f   GC.obj
 0001:00001020       Java_org_netbeans_lib_profiler_server_system_GC_runGC 0000000010002020 f   GC.obj
 0001:00001130       Java_org_netbeans_lib_profiler_server_system_Threads_recordProfilerOwnThreads 0000000010002130 f   Threads.obj
 0001:00001370       Java_org_netbeans_lib_profiler_server_system_Threads_recordAdditionalProfilerOwnThread 0000000010002370 f   Threads.obj
 0001:000013d0       Java_org_netbeans_lib_profiler_server_system_Threads_getTotalNumberOfThreads 00000000100023d0 f   Threads.obj
 0001:00001440       Java_org_netbeans_lib_profiler_server_system_Threads_suspendTargetAppThreads 0000000010002440 f   Threads.obj
 0001:000015f0       Java_org_netbeans_lib_profiler_server_system_Threads_resumeTargetAppThreads 00000000100025f0 f   Threads.obj
 0001:000017a0       Java_org_netbeans_lib_profiler_server_system_Threads_terminateTargetAppThreads 00000000100027a0 f   Threads.obj
 0001:00001950       Java_org_netbeans_lib_profiler_server_system_Threads_targetAppThreadsExist 0000000010002950 f   Threads.obj
 0001:00001af0       Java_org_netbeans_lib_profiler_server_system_Threads_getAllThreads 0000000010002af0 f   Threads.obj
 0001:00001c80       Java_org_netbeans_lib_profiler_server_system_Threads_getJVMArguments 0000000010002c80 f   Threads.obj
 0001:00001ca0       Java_org_netbeans_lib_profiler_server_system_Threads_getJavaCommand 0000000010002ca0 f   Threads.obj
 0001:00001cc0       convert_JVMTI_thread_status_to_jfluid_status 0000000010002cc0 f   Threads.obj
 0001:00001d30       Java_org_netbeans_lib_profiler_server_system_Threads_getThreadsStatus 0000000010002d30 f   Threads.obj
 0001:00001ed0       Java_org_netbeans_lib_profiler_server_system_Stacks_getCurrentJavaStackDepth 0000000010002ed0 f   Stacks.obj
 0001:00001f00       Java_org_netbeans_lib_profiler_server_system_Stacks_clearNativeStackFrameBuffer 0000000010002f00 f   Stacks.obj
 0001:00001f50       Java_org_netbeans_lib_profiler_server_system_Stacks_getCurrentStackFrameIds 0000000010002f50 f   Stacks.obj
 0001:00002400       Java_org_netbeans_lib_profiler_server_system_Stacks_getMethodNamesForJMethodIds 0000000010003400 f   Stacks.obj
 0001:000027e0       Java_org_netbeans_lib_profiler_server_system_Stacks_createNativeStackFrameBuffer 00000000100037e0 f   Stacks.obj
 0001:00002840       get_nano_time              0000000010003840 f   common_functions.obj
 0001:00002870       report_usage               0000000010003870 f   common_functions.obj
 0001:000028d0       initializeJVMTI            00000000100038d0 f   common_functions.obj
 0001:00002b00       JNI_OnLoad                 0000000010003b00 f   common_functions.obj
 0001:00002b60       Agent_OnLoad               0000000010003b60 f   common_functions.obj
 0001:00002ce0       set_system_loader          0000000010003ce0 f   class_file_cache.obj
 0001:00002e40       loader_is_system_loader    0000000010003e40 f   class_file_cache.obj
 0001:00002eb0       cache_loaded_classes       0000000010003eb0 f   class_file_cache.obj
 0001:00002ec0       hash                       0000000010003ec0 f   class_file_cache.obj
 0001:00002f30       grow_ctable                0000000010003f30 f   class_file_cache.obj
 0001:000031b0       get_saved_class_file_bytes 00000000100041b0 f   class_file_cache.obj
 0001:00003390       try_removing_bytes_for_unloaded_classes 0000000010004390 f   class_file_cache.obj
 0001:000033a0       initializeMethods          00000000100043a0 f   class_file_cache.obj
 0001:00003850       waitInterceptor            0000000010004850 f   class_file_cache.obj
 0001:00003930       sleepInterceptor           0000000010004930 f   class_file_cache.obj
 0001:00003a10       monitor_contended_enter_hook 0000000010004a10 f   class_file_cache.obj
 0001:00003aa0       monitor_contended_entered_hook 0000000010004aa0 f   class_file_cache.obj
 0001:00003b30       vm_object_alloc            0000000010004b30 f   class_file_cache.obj
 0001:00003bb0       Java_org_netbeans_lib_profiler_server_system_Classes_setWaitTrackingEnabled 0000000010004bb0 f   class_file_cache.obj
 0001:00003be0       Java_org_netbeans_lib_profiler_server_system_Classes_setSleepTrackingEnabled 0000000010004be0 f   class_file_cache.obj
 0001:00003c10       Java_org_netbeans_lib_profiler_server_system_Classes_setVMObjectAllocEnabled 0000000010004c10 f   class_file_cache.obj
 0001:00003c60       save_class_file_bytes      0000000010004c60 f   class_file_cache.obj
 0001:00003ec0       class_file_load_hook       0000000010004ec0 f   class_file_cache.obj
 0001:00004040       native_method_bind_hook    0000000010005040 f   class_file_cache.obj
 0001:000040d0       parse_options_and_extract_params 00000000100050d0 f   attach.obj
 0001:000042a0       setupAndCallProfilerRuntimeActivate 00000000100052a0 f   attach.obj
 0001:00004470       vm_init_hook               0000000010005470 f   attach.obj
 0001:0000447e       malloc                     000000001000547e f   MSVCRT:msvcrt.dll
 0001:00004484       memcpy                     0000000010005484 f   MSVCRT:msvcrt.dll
 0001:0000448a       memmove                    000000001000548a f   MSVCRT:msvcrt.dll
 0001:00004490       memset                     0000000010005490 f   MSVCRT:msvcrt.dll
 0001:000044a0       _CRT_INIT                  00000000100054a0 f   MSVCRT:crtdll.obj
 0001:00004580       _DllMainCRTStartup         0000000010005580 f   MSVCRT:crtdll.obj
 0001:000046f0       _initterm                  00000000100056f0 f   MSVCRT:msvcrt.dll
 0001:00004700       _malloc_crt                0000000010005700 f   MSVCRT:crtheap.obj
 0001:00004770       DllMain                    0000000010005770 f   MSVCRT:dllmain.obj
 0002:00000000       __imp_Sleep                0000000010006000     kernel32:KERNEL32.dll
 0002:00000008       __imp_GetModuleHandleA     0000000010006008     kernel32:KERNEL32.dll
 0002:00000010       __imp_GetProcAddress       0000000010006010     kernel32:KERNEL32.dll
 0002:00000018       __imp_DisableThreadLibraryCalls 0000000010006018     kernel32:KERNEL32.dll
 0002:00000020       \177KERNEL32_NULL_THUNK_DATA 0000000010006020     kernel32:KERNEL32.dll
 0002:00000028       __imp__iob                 0000000010006028     MSVCRT:msvcrt.dll
 0002:00000030       __imp_memcpy               0000000010006030     MSVCRT:msvcrt.dll
 0002:00000038       __imp_memmove              0000000010006038     MSVCRT:msvcrt.dll
 0002:00000040       __imp_strncpy              0000000010006040     MSVCRT:msvcrt.dll
 0002:00000048       __imp_memset               0000000010006048     MSVCRT:msvcrt.dll
 0002:00000050       __imp_strpbrk              0000000010006050     MSVCRT:msvcrt.dll
 0002:00000058       __imp_fprintf              0000000010006058     MSVCRT:msvcrt.dll
 0002:00000060       __imp_strtol               0000000010006060     MSVCRT:msvcrt.dll
 0002:00000068       __imp__initterm            0000000010006068     MSVCRT:msvcrt.dll
 0002:00000070       __imp_calloc               0000000010006070     MSVCRT:msvcrt.dll
 0002:00000078       __imp__assert              0000000010006078     MSVCRT:msvcrt.dll
 0002:00000080       __imp_malloc               0000000010006080     MSVCRT:msvcrt.dll
 0002:00000088       __imp_atoi                 0000000010006088     MSVCRT:msvcrt.dll
 0002:00000090       __imp_free                 0000000010006090     MSVCRT:msvcrt.dll
 0002:00000098       \177msvcrt_NULL_THUNK_DATA 0000000010006098     MSVCRT:msvcrt.dll
 0002:000000a0       __xc_a                     00000000100060a0     MSVCRT:cinitexe.obj
 0002:000000a8       __xc_z                     00000000100060a8     MSVCRT:cinitexe.obj
 0002:000000b0       __xi_a                     00000000100060b0     MSVCRT:cinitexe.obj
 0002:000000b8       __xi_z                     00000000100060b8     MSVCRT:cinitexe.obj
 0002:000000c0       __real@447a0000            00000000100060c0     GC.obj
 0002:000008d4       __IMPORT_DESCRIPTOR_msvcrt 00000000100068d4     MSVCRT:msvcrt.dll
 0002:000008e8       __IMPORT_DESCRIPTOR_KERNEL32 00000000100068e8     kernel32:KERNEL32.dll
 0002:000008fc       __NULL_IMPORT_DESCRIPTOR   00000000100068fc     MSVCRT:msvcrt.dll
 0003:000016f0       _fltused                   00000000100096f0     MSVCRT:dllsupp.obj
 0003:000019a8       _jvmti                     00000000100099a8     <common>
 0003:000019b0       _jvmti_callbacks           00000000100099b0     <common>
 0003:000019b8       JVM_DumpHeap15             00000000100099b8     <common>
 0003:000019c0       __onexitend                00000000100099c0     <common>
 0003:000019c8       __onexitbegin              00000000100099c8     <common>
 0003:000019d0       _pRawDllMain               00000000100099d0     <common>

 entry point at        0001:00004580

 Static symbols

 0001:00001040       isProfilerThread           0000000010002040 f   Threads.obj
 0001:00001e30       convert_jmethodID_to_jint  0000000010002e30 f   Stacks.obj
 0001:00001eb0       convert_jint_to_jmethodID  0000000010002eb0 f   Stacks.obj
 0001:000020b0       copy_into_data_array       00000000100030b0 f   Stacks.obj
 0001:000021b0       copy_dummy_names_into_data_array 00000000100031b0 f   Stacks.obj
