 profilerinterface

 Timestamp is 472ae083 (Fri Nov 02 09:32:03 2007)

 Preferred load address is 0000000010000000

 Start         Length     Name                   Class
 0001:00000000 00004593H .text                   CODE
 0002:00000000 000000a8H .idata$5                DATA
 0002:000000a8 00000008H .CRT$XCA                DATA
 0002:000000b0 00000008H .CRT$XCZ                DATA
 0002:000000b8 00000008H .CRT$XIA                DATA
 0002:000000c0 00000008H .CRT$XIZ                DATA
 0002:000000c8 00000004H .rdata                  DATA
 0002:000000cc 00000804H .xdata                  DATA
 0002:000008d0 00000028H .idata$2                DATA
 0002:000008f8 00000014H .idata$3                DATA
 0002:00000910 000000a8H .idata$4                DATA
 0002:000009b8 000000f6H .idata$6                DATA
 0002:00000ab0 00000d1eH .edata                  DATA
 0003:00000000 00001634H .data                   DATA
 0003:00001640 000002d8H .bss                    DATA
 0004:00000000 00000510H .pdata                  DATA

  Address         Publics by Value              Rva+Base             Lib:Object

 0000:00000000       ___safe_se_handler_table   0000000000000000     <absolute>
 0000:00000000       ___safe_se_handler_count   0000000000000000     <absolute>
 0001:00000000       Java_org_netbeans_lib_profiler_server_system_Classes_getAllLoadedClasses 0000000010001000 f   Classes.obj
 0001:000001e0       Java_org_netbeans_lib_profiler_server_system_Classes_cacheLoadedClasses 00000000100011e0 f   Classes.obj
 0001:000002a0       Java_org_netbeans_lib_profiler_server_system_Classes_getCachedClassFileBytes 00000000100012a0 f   Classes.obj
 0001:00000410       register_class_prepare     0000000010001410 f   Classes.obj
 0001:00000430       Java_org_netbeans_lib_profiler_server_system_Classes_enableClassLoadHook 0000000010001430 f   Classes.obj
 0001:00000530       Java_org_netbeans_lib_profiler_server_system_Classes_disableClassLoadHook 0000000010001530 f   Classes.obj
 0001:00000580       Java_org_netbeans_lib_profiler_server_system_Classes_getObjectSize 0000000010001580 f   Classes.obj
 0001:000005b0       Java_org_netbeans_lib_profiler_server_system_Classes_doRedefineClasses 00000000100015b0 f   Classes.obj
 0001:000008d0       Java_org_netbeans_lib_profiler_server_system_Classes_notifyAboutClassLoaderUnloading 00000000100018d0 f   Classes.obj
 0001:000008e0       Java_org_netbeans_lib_profiler_server_system_HeapDump_initialize15 00000000100018e0 f   HeapDump.obj
 0001:00000940       Java_org_netbeans_lib_profiler_server_system_HeapDump_takeHeapDump15Native 0000000010001940 f   HeapDump.obj
 0001:000009d0       Java_org_netbeans_lib_profiler_server_system_Timers_getThreadCPUTimeInNanos 00000000100019d0 f   Timers.obj
 0001:00000a40       Java_org_netbeans_lib_profiler_server_system_Timers_osSleep 0000000010001a40 f   Timers.obj
 0001:00000a50       Java_org_netbeans_lib_profiler_server_system_Timers_enableMicrostateAccounting 0000000010001a50 f   Timers.obj
 0001:00000a60       register_gc_start          0000000010001a60 f   GC.obj
 0001:00000af0       register_gc_finish         0000000010001af0 f   GC.obj
 0001:00000b80       enable_gc_start_finish_hook 0000000010001b80 f   GC.obj
 0001:00000c70       Java_org_netbeans_lib_profiler_server_system_GC_activateGCEpochCounter 0000000010001c70 f   GC.obj
 0001:00000dd0       Java_org_netbeans_lib_profiler_server_system_GC_resetGCEpochCounter 0000000010001dd0 f   GC.obj
 0001:00000de0       Java_org_netbeans_lib_profiler_server_system_GC_getCurrentGCEpoch 0000000010001de0 f   GC.obj
 0001:00000df0       Java_org_netbeans_lib_profiler_server_system_GC_objectsAdjacent 0000000010001df0 f   GC.obj
 0001:00000e20       Java_org_netbeans_lib_profiler_server_system_GC_getGCRelativeTimeMetrics 0000000010001e20 f   GC.obj
 0001:00000f70       Java_org_netbeans_lib_profiler_server_system_GC_getGCStartFinishTimes 0000000010001f70 f   GC.obj
 0001:00000fe0       Java_org_netbeans_lib_profiler_server_system_GC_runGC 0000000010001fe0 f   GC.obj
 0001:000010f0       Java_org_netbeans_lib_profiler_server_system_Threads_recordProfilerOwnThreads 00000000100020f0 f   Threads.obj
 0001:00001330       Java_org_netbeans_lib_profiler_server_system_Threads_recordAdditionalProfilerOwnThread 0000000010002330 f   Threads.obj
 0001:00001390       Java_org_netbeans_lib_profiler_server_system_Threads_getTotalNumberOfThreads 0000000010002390 f   Threads.obj
 0001:00001400       Java_org_netbeans_lib_profiler_server_system_Threads_suspendTargetAppThreads 0000000010002400 f   Threads.obj
 0001:000015b0       Java_org_netbeans_lib_profiler_server_system_Threads_resumeTargetAppThreads 00000000100025b0 f   Threads.obj
 0001:00001760       Java_org_netbeans_lib_profiler_server_system_Threads_terminateTargetAppThreads 0000000010002760 f   Threads.obj
 0001:00001910       Java_org_netbeans_lib_profiler_server_system_Threads_targetAppThreadsExist 0000000010002910 f   Threads.obj
 0001:00001ab0       Java_org_netbeans_lib_profiler_server_system_Threads_getAllThreads 0000000010002ab0 f   Threads.obj
 0001:00001c40       Java_org_netbeans_lib_profiler_server_system_Threads_getJVMArguments 0000000010002c40 f   Threads.obj
 0001:00001c60       Java_org_netbeans_lib_profiler_server_system_Threads_getJavaCommand 0000000010002c60 f   Threads.obj
 0001:00001c80       convert_JVMTI_thread_status_to_jfluid_status 0000000010002c80 f   Threads.obj
 0001:00001cf0       Java_org_netbeans_lib_profiler_server_system_Threads_getThreadsStatus 0000000010002cf0 f   Threads.obj
 0001:00001e90       Java_org_netbeans_lib_profiler_server_system_Stacks_getCurrentJavaStackDepth 0000000010002e90 f   Stacks.obj
 0001:00001ec0       Java_org_netbeans_lib_profiler_server_system_Stacks_clearNativeStackFrameBuffer 0000000010002ec0 f   Stacks.obj
 0001:00001f10       Java_org_netbeans_lib_profiler_server_system_Stacks_getCurrentStackFrameIds 0000000010002f10 f   Stacks.obj
 0001:000023c0       Java_org_netbeans_lib_profiler_server_system_Stacks_getMethodNamesForJMethodIds 00000000100033c0 f   Stacks.obj
 0001:000027a0       Java_org_netbeans_lib_profiler_server_system_Stacks_createNativeStackFrameBuffer 00000000100037a0 f   Stacks.obj
 0001:00002800       get_nano_time              0000000010003800 f   common_functions.obj
 0001:00002830       report_usage               0000000010003830 f   common_functions.obj
 0001:00002890       initializeJVMTI            0000000010003890 f   common_functions.obj
 0001:00002ac0       JNI_OnLoad                 0000000010003ac0 f   common_functions.obj
 0001:00002b20       Agent_OnLoad               0000000010003b20 f   common_functions.obj
 0001:00002ca0       set_system_loader          0000000010003ca0 f   class_file_cache.obj
 0001:00002d90       loader_is_system_loader    0000000010003d90 f   class_file_cache.obj
 0001:00002e00       cache_loaded_classes       0000000010003e00 f   class_file_cache.obj
 0001:00002e10       hash                       0000000010003e10 f   class_file_cache.obj
 0001:00002e80       grow_ctable                0000000010003e80 f   class_file_cache.obj
 0001:00003100       get_saved_class_file_bytes 0000000010004100 f   class_file_cache.obj
 0001:000032f0       try_removing_bytes_for_unloaded_classes 00000000100042f0 f   class_file_cache.obj
 0001:00003300       initializeMethods          0000000010004300 f   class_file_cache.obj
 0001:000037b0       waitInterceptor            00000000100047b0 f   class_file_cache.obj
 0001:00003890       sleepInterceptor           0000000010004890 f   class_file_cache.obj
 0001:00003970       monitor_contended_enter_hook 0000000010004970 f   class_file_cache.obj
 0001:00003a00       monitor_contended_entered_hook 0000000010004a00 f   class_file_cache.obj
 0001:00003a90       vm_object_alloc            0000000010004a90 f   class_file_cache.obj
 0001:00003b10       Java_org_netbeans_lib_profiler_server_system_Classes_setWaitTrackingEnabled 0000000010004b10 f   class_file_cache.obj
 0001:00003b40       Java_org_netbeans_lib_profiler_server_system_Classes_setSleepTrackingEnabled 0000000010004b40 f   class_file_cache.obj
 0001:00003b70       Java_org_netbeans_lib_profiler_server_system_Classes_setVMObjectAllocEnabled 0000000010004b70 f   class_file_cache.obj
 0001:00003bc0       save_class_file_bytes      0000000010004bc0 f   class_file_cache.obj
 0001:00003da0       class_file_load_hook       0000000010004da0 f   class_file_cache.obj
 0001:00003e70       native_method_bind_hook    0000000010004e70 f   class_file_cache.obj
 0001:00003f00       parse_options_and_extract_params 0000000010004f00 f   attach.obj
 0001:000040d0       setupAndCallProfilerRuntimeActivate 00000000100050d0 f   attach.obj
 0001:00004270       vm_init_hook               0000000010005270 f   attach.obj
 0001:0000427e       malloc                     000000001000527e f   MSVCRT:msvcrt.dll
 0001:00004284       memcpy                     0000000010005284 f   MSVCRT:msvcrt.dll
 0001:0000428a       memmove                    000000001000528a f   MSVCRT:msvcrt.dll
 0001:00004290       memset                     0000000010005290 f   MSVCRT:msvcrt.dll
 0001:000042a0       _CRT_INIT                  00000000100052a0 f   MSVCRT:crtdll.obj
 0001:00004380       _DllMainCRTStartup         0000000010005380 f   MSVCRT:crtdll.obj
 0001:000044f0       _initterm                  00000000100054f0 f   MSVCRT:msvcrt.dll
 0001:00004500       _malloc_crt                0000000010005500 f   MSVCRT:crtheap.obj
 0001:00004570       DllMain                    0000000010005570 f   MSVCRT:dllmain.obj
 0002:00000000       __imp_Sleep                0000000010006000     kernel32:KERNEL32.dll
 0002:00000008       __imp_GetModuleHandleA     0000000010006008     kernel32:KERNEL32.dll
 0002:00000010       __imp_GetProcAddress       0000000010006010     kernel32:KERNEL32.dll
 0002:00000018       __imp_DisableThreadLibraryCalls 0000000010006018     kernel32:KERNEL32.dll
 0002:00000020       \177KERNEL32_NULL_THUNK_DATA 0000000010006020     kernel32:KERNEL32.dll
 0002:00000028       __imp__iob                 0000000010006028     MSVCRT:msvcrt.dll
 0002:00000030       __imp_memcpy               0000000010006030     MSVCRT:msvcrt.dll
 0002:00000038       __imp_memmove              0000000010006038     MSVCRT:msvcrt.dll
 0002:00000040       __imp_strncpy              0000000010006040     MSVCRT:msvcrt.dll
 0002:00000048       __imp_memset               0000000010006048     MSVCRT:msvcrt.dll
 0002:00000050       __imp_strpbrk              0000000010006050     MSVCRT:msvcrt.dll
 0002:00000058       __imp_fprintf              0000000010006058     MSVCRT:msvcrt.dll
 0002:00000060       __imp_atoi                 0000000010006060     MSVCRT:msvcrt.dll
 0002:00000068       __imp_strtol               0000000010006068     MSVCRT:msvcrt.dll
 0002:00000070       __imp__initterm            0000000010006070     MSVCRT:msvcrt.dll
 0002:00000078       __imp_calloc               0000000010006078     MSVCRT:msvcrt.dll
 0002:00000080       __imp__assert              0000000010006080     MSVCRT:msvcrt.dll
 0002:00000088       __imp_malloc               0000000010006088     MSVCRT:msvcrt.dll
 0002:00000090       __imp_printf               0000000010006090     MSVCRT:msvcrt.dll
 0002:00000098       __imp_free                 0000000010006098     MSVCRT:msvcrt.dll
 0002:000000a0       \177msvcrt_NULL_THUNK_DATA 00000000100060a0     MSVCRT:msvcrt.dll
 0002:000000a8       __xc_a                     00000000100060a8     MSVCRT:cinitexe.obj
 0002:000000b0       __xc_z                     00000000100060b0     MSVCRT:cinitexe.obj
 0002:000000b8       __xi_a                     00000000100060b8     MSVCRT:cinitexe.obj
 0002:000000c0       __xi_z                     00000000100060c0     MSVCRT:cinitexe.obj
 0002:000000c8       __real@447a0000            00000000100060c8     GC.obj
 0002:000008d0       __IMPORT_DESCRIPTOR_msvcrt 00000000100068d0     MSVCRT:msvcrt.dll
 0002:000008e4       __IMPORT_DESCRIPTOR_KERNEL32 00000000100068e4     kernel32:KERNEL32.dll
 0002:000008f8       __NULL_IMPORT_DESCRIPTOR   00000000100068f8     MSVCRT:msvcrt.dll
 0003:00001630       _fltused                   0000000010009630     MSVCRT:dllsupp.obj
 0003:000018e8       _jvmti                     00000000100098e8     <common>
 0003:000018f0       _jvmti_callbacks           00000000100098f0     <common>
 0003:000018f8       JVM_DumpHeap15             00000000100098f8     <common>
 0003:00001900       __onexitend                0000000010009900     <common>
 0003:00001908       __onexitbegin              0000000010009908     <common>
 0003:00001910       _pRawDllMain               0000000010009910     <common>

 entry point at        0001:00004380

 Static symbols

 0001:00001000       isProfilerThread           0000000010002000 f   Threads.obj
 0001:00001df0       convert_jmethodID_to_jint  0000000010002df0 f   Stacks.obj
 0001:00001e70       convert_jint_to_jmethodID  0000000010002e70 f   Stacks.obj
 0001:00002070       copy_into_data_array       0000000010003070 f   Stacks.obj
 0001:00002170       copy_dummy_names_into_data_array 0000000010003170 f   Stacks.obj
