 profilerinterface

 Timestamp is 4e60ceb5 (Fri Sep 02 14:40:21 2011)

 Preferred load address is 0000000010000000

 Start         Length     Name                   Class
 0001:00000000 00004b43H .text                   CODE
 0002:00000000 000000a0H .idata$5                DATA
 0002:000000a0 00000008H .CRT$XCA                DATA
 0002:000000a8 00000008H .CRT$XCZ                DATA
 0002:000000b0 00000008H .CRT$XIA                DATA
 0002:000000b8 00000008H .CRT$XIZ                DATA
 0002:000000c0 00000004H .rdata                  DATA
 0002:000000c4 0000089cH .xdata                  DATA
 0002:00000960 00000028H .idata$2                DATA
 0002:00000988 00000014H .idata$3                DATA
 0002:000009a0 000000a0H .idata$4                DATA
 0002:00000a40 000000ecH .idata$6                DATA
 0002:00000b30 00000d6eH .edata                  DATA
 0003:00000000 00001714H .data                   DATA
 0003:00001720 000002e8H .bss                    DATA
 0004:00000000 00000564H .pdata                  DATA
 0005:00000000 00000058H .rsrc$01                DATA
 0005:00000060 00000390H .rsrc$02                DATA

  Address         Publics by Value              Rva+Base             Lib:Object

 0000:00000000       ___safe_se_handler_table   0000000000000000     <absolute>
 0000:00000000       ___safe_se_handler_count   0000000000000000     <absolute>
 0001:00000000       Java_org_netbeans_lib_profiler_server_system_Classes_getAllLoadedClasses 0000000010001000 f   Classes.obj
 0001:000001f0       Java_org_netbeans_lib_profiler_server_system_Classes_cacheLoadedClasses 00000000100011f0 f   Classes.obj
 0001:000002b0       Java_org_netbeans_lib_profiler_server_system_Classes_getCachedClassFileBytes 00000000100012b0 f   Classes.obj
 0001:00000420       register_class_prepare     0000000010001420 f   Classes.obj
 0001:00000470       Java_org_netbeans_lib_profiler_server_system_Classes_enableClassLoadHook 0000000010001470 f   Classes.obj
 0001:00000570       Java_org_netbeans_lib_profiler_server_system_Classes_disableClassLoadHook 0000000010001570 f   Classes.obj
 0001:000005c0       Java_org_netbeans_lib_profiler_server_system_Classes_getObjectSize 00000000100015c0 f   Classes.obj
 0001:000005f0       Java_org_netbeans_lib_profiler_server_system_Classes_doRedefineClasses 00000000100015f0 f   Classes.obj
 0001:00000910       Java_org_netbeans_lib_profiler_server_system_Classes_notifyAboutClassLoaderUnloading 0000000010001910 f   Classes.obj
 0001:00000920       Java_org_netbeans_lib_profiler_server_system_HeapDump_initialize15 0000000010001920 f   HeapDump.obj
 0001:00000980       Java_org_netbeans_lib_profiler_server_system_HeapDump_takeHeapDump15Native 0000000010001980 f   HeapDump.obj
 0001:00000a10       Java_org_netbeans_lib_profiler_server_system_Timers_getThreadCPUTimeInNanos 0000000010001a10 f   Timers.obj
 0001:00000a80       Java_org_netbeans_lib_profiler_server_system_Timers_osSleep 0000000010001a80 f   Timers.obj
 0001:00000a90       Java_org_netbeans_lib_profiler_server_system_Timers_enableMicrostateAccounting 0000000010001a90 f   Timers.obj
 0001:00000aa0       register_gc_start          0000000010001aa0 f   GC.obj
 0001:00000b30       register_gc_finish         0000000010001b30 f   GC.obj
 0001:00000bc0       enable_gc_start_finish_hook 0000000010001bc0 f   GC.obj
 0001:00000cb0       Java_org_netbeans_lib_profiler_server_system_GC_activateGCEpochCounter 0000000010001cb0 f   GC.obj
 0001:00000e10       Java_org_netbeans_lib_profiler_server_system_GC_resetGCEpochCounter 0000000010001e10 f   GC.obj
 0001:00000e20       Java_org_netbeans_lib_profiler_server_system_GC_getCurrentGCEpoch 0000000010001e20 f   GC.obj
 0001:00000e30       Java_org_netbeans_lib_profiler_server_system_GC_objectsAdjacent 0000000010001e30 f   GC.obj
 0001:00000e60       Java_org_netbeans_lib_profiler_server_system_GC_getGCRelativeTimeMetrics 0000000010001e60 f   GC.obj
 0001:00000fb0       Java_org_netbeans_lib_profiler_server_system_GC_getGCStartFinishTimes 0000000010001fb0 f   GC.obj
 0001:00001020       Java_org_netbeans_lib_profiler_server_system_GC_runGC 0000000010002020 f   GC.obj
 0001:00001040       convert_JVMTI_thread_status_to_jfluid_status 0000000010002040 f   Threads.obj
 0001:000011a0       Java_org_netbeans_lib_profiler_server_system_Threads_recordProfilerOwnThreads 00000000100021a0 f   Threads.obj
 0001:000013e0       Java_org_netbeans_lib_profiler_server_system_Threads_recordAdditionalProfilerOwnThread 00000000100023e0 f   Threads.obj
 0001:00001440       Java_org_netbeans_lib_profiler_server_system_Threads_getTotalNumberOfThreads 0000000010002440 f   Threads.obj
 0001:000014b0       Java_org_netbeans_lib_profiler_server_system_Threads_suspendTargetAppThreads 00000000100024b0 f   Threads.obj
 0001:00001660       Java_org_netbeans_lib_profiler_server_system_Threads_resumeTargetAppThreads 0000000010002660 f   Threads.obj
 0001:00001810       Java_org_netbeans_lib_profiler_server_system_Threads_terminateTargetAppThreads 0000000010002810 f   Threads.obj
 0001:000019c0       Java_org_netbeans_lib_profiler_server_system_Threads_targetAppThreadsExist 00000000100029c0 f   Threads.obj
 0001:00001b60       Java_org_netbeans_lib_profiler_server_system_Threads_getAllThreads 0000000010002b60 f   Threads.obj
 0001:00001cf0       Java_org_netbeans_lib_profiler_server_system_Threads_getThreadsStatus 0000000010002cf0 f   Threads.obj
 0001:00001e00       Java_org_netbeans_lib_profiler_server_system_Threads_getJVMArguments 0000000010002e00 f   Threads.obj
 0001:00001e20       Java_org_netbeans_lib_profiler_server_system_Threads_getJavaCommand 0000000010002e20 f   Threads.obj
 0001:00001ee0       Java_org_netbeans_lib_profiler_server_system_Stacks_getCurrentJavaStackDepth 0000000010002ee0 f   Stacks.obj
 0001:00001f10       Java_org_netbeans_lib_profiler_server_system_Stacks_clearNativeStackFrameBuffer 0000000010002f10 f   Stacks.obj
 0001:00001f60       Java_org_netbeans_lib_profiler_server_system_Stacks_getCurrentStackFrameIds 0000000010002f60 f   Stacks.obj
 0001:00002410       Java_org_netbeans_lib_profiler_server_system_Stacks_getMethodNamesForJMethodIds 0000000010003410 f   Stacks.obj
 0001:000027f0       Java_org_netbeans_lib_profiler_server_system_Stacks_getAllStackTraces 00000000100037f0 f   Stacks.obj
 0001:00002b90       Java_org_netbeans_lib_profiler_server_system_Stacks_createNativeStackFrameBuffer 0000000010003b90 f   Stacks.obj
 0001:00002bf0       get_nano_time              0000000010003bf0 f   common_functions.obj
 0001:00002c20       report_usage               0000000010003c20 f   common_functions.obj
 0001:00002c80       initializeJVMTI            0000000010003c80 f   common_functions.obj
 0001:00002eb0       JNI_OnLoad                 0000000010003eb0 f   common_functions.obj
 0001:00002f10       Agent_OnLoad               0000000010003f10 f   common_functions.obj
 0001:00003090       set_system_loader          0000000010004090 f   class_file_cache.obj
 0001:000031f0       loader_is_system_loader    00000000100041f0 f   class_file_cache.obj
 0001:00003260       cache_loaded_classes       0000000010004260 f   class_file_cache.obj
 0001:00003270       hash                       0000000010004270 f   class_file_cache.obj
 0001:000032e0       grow_ctable                00000000100042e0 f   class_file_cache.obj
 0001:00003560       get_saved_class_file_bytes 0000000010004560 f   class_file_cache.obj
 0001:00003740       try_removing_bytes_for_unloaded_classes 0000000010004740 f   class_file_cache.obj
 0001:00003750       initializeMethods          0000000010004750 f   class_file_cache.obj
 0001:00003c00       waitInterceptor            0000000010004c00 f   class_file_cache.obj
 0001:00003ce0       sleepInterceptor           0000000010004ce0 f   class_file_cache.obj
 0001:00003dc0       monitor_contended_enter_hook 0000000010004dc0 f   class_file_cache.obj
 0001:00003e50       monitor_contended_entered_hook 0000000010004e50 f   class_file_cache.obj
 0001:00003ee0       vm_object_alloc            0000000010004ee0 f   class_file_cache.obj
 0001:00003f60       Java_org_netbeans_lib_profiler_server_system_Classes_setWaitTrackingEnabled 0000000010004f60 f   class_file_cache.obj
 0001:00003f90       Java_org_netbeans_lib_profiler_server_system_Classes_setSleepTrackingEnabled 0000000010004f90 f   class_file_cache.obj
 0001:00003fc0       Java_org_netbeans_lib_profiler_server_system_Classes_setVMObjectAllocEnabled 0000000010004fc0 f   class_file_cache.obj
 0001:00004010       save_class_file_bytes      0000000010005010 f   class_file_cache.obj
 0001:00004270       class_file_load_hook       0000000010005270 f   class_file_cache.obj
 0001:000043f0       native_method_bind_hook    00000000100053f0 f   class_file_cache.obj
 0001:00004480       parse_options_and_extract_params 0000000010005480 f   attach.obj
 0001:00004650       setupAndCallProfilerRuntimeActivate 0000000010005650 f   attach.obj
 0001:00004820       vm_init_hook               0000000010005820 f   attach.obj
 0001:0000482e       malloc                     000000001000582e f   MSVCRT:msvcrt.dll
 0001:00004834       memcpy                     0000000010005834 f   MSVCRT:msvcrt.dll
 0001:0000483a       memmove                    000000001000583a f   MSVCRT:msvcrt.dll
 0001:00004840       memset                     0000000010005840 f   MSVCRT:msvcrt.dll
 0001:00004850       _CRT_INIT                  0000000010005850 f   MSVCRT:crtdll.obj
 0001:00004930       _DllMainCRTStartup         0000000010005930 f   MSVCRT:crtdll.obj
 0001:00004aa0       _initterm                  0000000010005aa0 f   MSVCRT:msvcrt.dll
 0001:00004ab0       _malloc_crt                0000000010005ab0 f   MSVCRT:crtheap.obj
 0001:00004b20       DllMain                    0000000010005b20 f   MSVCRT:dllmain.obj
 0002:00000000       __imp_Sleep                0000000010006000     kernel32:KERNEL32.dll
 0002:00000008       __imp_GetModuleHandleA     0000000010006008     kernel32:KERNEL32.dll
 0002:00000010       __imp_GetProcAddress       0000000010006010     kernel32:KERNEL32.dll
 0002:00000018       __imp_DisableThreadLibraryCalls 0000000010006018     kernel32:KERNEL32.dll
 0002:00000020       \177KERNEL32_NULL_THUNK_DATA 0000000010006020     kernel32:KERNEL32.dll
 0002:00000028       __imp__iob                 0000000010006028     MSVCRT:msvcrt.dll
 0002:00000030       __imp_memcpy               0000000010006030     MSVCRT:msvcrt.dll
 0002:00000038       __imp_memmove              0000000010006038     MSVCRT:msvcrt.dll
 0002:00000040       __imp_strncpy              0000000010006040     MSVCRT:msvcrt.dll
 0002:00000048       __imp_memset               0000000010006048     MSVCRT:msvcrt.dll
 0002:00000050       __imp_strpbrk              0000000010006050     MSVCRT:msvcrt.dll
 0002:00000058       __imp_fprintf              0000000010006058     MSVCRT:msvcrt.dll
 0002:00000060       __imp_strtol               0000000010006060     MSVCRT:msvcrt.dll
 0002:00000068       __imp__initterm            0000000010006068     MSVCRT:msvcrt.dll
 0002:00000070       __imp_calloc               0000000010006070     MSVCRT:msvcrt.dll
 0002:00000078       __imp__assert              0000000010006078     MSVCRT:msvcrt.dll
 0002:00000080       __imp_malloc               0000000010006080     MSVCRT:msvcrt.dll
 0002:00000088       __imp_atoi                 0000000010006088     MSVCRT:msvcrt.dll
 0002:00000090       __imp_free                 0000000010006090     MSVCRT:msvcrt.dll
 0002:00000098       \177msvcrt_NULL_THUNK_DATA 0000000010006098     MSVCRT:msvcrt.dll
 0002:000000a0       __xc_a                     00000000100060a0     MSVCRT:cinitexe.obj
 0002:000000a8       __xc_z                     00000000100060a8     MSVCRT:cinitexe.obj
 0002:000000b0       __xi_a                     00000000100060b0     MSVCRT:cinitexe.obj
 0002:000000b8       __xi_z                     00000000100060b8     MSVCRT:cinitexe.obj
 0002:000000c0       __real@447a0000            00000000100060c0     GC.obj
 0002:00000960       __IMPORT_DESCRIPTOR_msvcrt 0000000010006960     MSVCRT:msvcrt.dll
 0002:00000974       __IMPORT_DESCRIPTOR_KERNEL32 0000000010006974     kernel32:KERNEL32.dll
 0002:00000988       __NULL_IMPORT_DESCRIPTOR   0000000010006988     MSVCRT:msvcrt.dll
 0003:00001710       _fltused                   0000000010009710     MSVCRT:dllsupp.obj
 0003:000019d8       _jvmti                     00000000100099d8     <common>
 0003:000019e0       _jvmti_callbacks           00000000100099e0     <common>
 0003:000019e8       JVM_DumpHeap15             00000000100099e8     <common>
 0003:000019f0       __onexitend                00000000100099f0     <common>
 0003:000019f8       __onexitbegin              00000000100099f8     <common>
 0003:00001a00       _pRawDllMain               0000000010009a00     <common>

 entry point at        0001:00004930

 Static symbols

 0001:000010b0       isProfilerThread           00000000100020b0 f   Threads.obj
 0001:00001e40       convert_jmethodID_to_jint  0000000010002e40 f   Stacks.obj
 0001:00001ec0       convert_jint_to_jmethodID  0000000010002ec0 f   Stacks.obj
 0001:000020c0       copy_into_data_array       00000000100030c0 f   Stacks.obj
 0001:000021c0       copy_dummy_names_into_data_array 00000000100031c0 f   Stacks.obj
