 profilerinterface

 Timestamp is 4cd7fb20 (Mon Nov 08 14:29:04 2010)

 Preferred load address is 10000000

 Start         Length     Name                   Class
 0001:00000000 00002ec8H .text                   CODE
 0002:00000000 0000004cH .idata$5                DATA
 0002:0000004c 00000004H .rdata                  DATA
 0002:00000050 00000028H .idata$2                DATA
 0002:00000078 00000014H .idata$3                DATA
 0002:0000008c 0000004cH .idata$4                DATA
 0002:000000d8 000000e8H .idata$6                DATA
 0002:000001c0 00000db3H .edata                  DATA
 0003:00000000 00000004H .CRT$XCA                DATA
 0003:00000004 00000004H .CRT$XCZ                DATA
 0003:00000008 00000004H .CRT$XIA                DATA
 0003:0000000c 00000004H .CRT$XIZ                DATA
 0003:00000010 000015b0H .data                   DATA
 0003:000015c0 0000019cH .bss                    DATA
 0004:00000000 00000058H .rsrc$01                DATA
 0004:00000060 00000390H .rsrc$02                DATA

  Address         Publics by Value              Rva+Base     Lib:Object

 0001:00000000       _Java_org_netbeans_lib_profiler_server_system_Classes_getAllLoadedClasses@8 10001000 f   Classes.obj
 0001:00000150       _Java_org_netbeans_lib_profiler_server_system_Classes_cacheLoadedClasses@16 10001150 f   Classes.obj
 0001:000001b0       _Java_org_netbeans_lib_profiler_server_system_Classes_getCachedClassFileBytes@12 100011b0 f   Classes.obj
 0001:000002d0       _register_class_prepare@16 100012d0 f   Classes.obj
 0001:00000310       _Java_org_netbeans_lib_profiler_server_system_Classes_enableClassLoadHook@8 10001310 f   Classes.obj
 0001:000003d0       _Java_org_netbeans_lib_profiler_server_system_Classes_disableClassLoadHook@8 100013d0 f   Classes.obj
 0001:00000410       _Java_org_netbeans_lib_profiler_server_system_Classes_getObjectSize@12 10001410 f   Classes.obj
 0001:00000440       _Java_org_netbeans_lib_profiler_server_system_Classes_doRedefineClasses@16 10001440 f   Classes.obj
 0001:00000680       _Java_org_netbeans_lib_profiler_server_system_Classes_notifyAboutClassLoaderUnloading@8 10001680 f   Classes.obj
 0001:00000690       _Java_org_netbeans_lib_profiler_server_system_HeapDump_initialize15@8 10001690 f   HeapDump.obj
 0001:000006f0       _Java_org_netbeans_lib_profiler_server_system_HeapDump_takeHeapDump15Native@12 100016f0 f   HeapDump.obj
 0001:00000750       _Java_org_netbeans_lib_profiler_server_system_Timers_getThreadCPUTimeInNanos@8 10001750 f   Timers.obj
 0001:000007b0       _Java_org_netbeans_lib_profiler_server_system_Timers_osSleep@12 100017b0 f   Timers.obj
 0001:000007c0       _Java_org_netbeans_lib_profiler_server_system_Timers_enableMicrostateAccounting@12 100017c0 f   Timers.obj
 0001:000007d0       _register_gc_start@4       100017d0 f   GC.obj
 0001:00000860       _register_gc_finish@4      10001860 f   GC.obj
 0001:00000900       _enable_gc_start_finish_hook 10001900 f   GC.obj
 0001:000009c0       _Java_org_netbeans_lib_profiler_server_system_GC_activateGCEpochCounter@12 100019c0 f   GC.obj
 0001:00000a30       _Java_org_netbeans_lib_profiler_server_system_GC_resetGCEpochCounter@8 10001a30 f   GC.obj
 0001:00000a40       _Java_org_netbeans_lib_profiler_server_system_GC_getCurrentGCEpoch@8 10001a40 f   GC.obj
 0001:00000a50       _Java_org_netbeans_lib_profiler_server_system_GC_objectsAdjacent@16 10001a50 f   GC.obj
 0001:00000a90       _Java_org_netbeans_lib_profiler_server_system_GC_getGCRelativeTimeMetrics@12 10001a90 f   GC.obj
 0001:00000ba0       _Java_org_netbeans_lib_profiler_server_system_GC_getGCStartFinishTimes@16 10001ba0 f   GC.obj
 0001:00000be0       _Java_org_netbeans_lib_profiler_server_system_GC_runGC@8 10001be0 f   GC.obj
 0001:00000c00       _Java_org_netbeans_lib_profiler_server_system_Threads_recordProfilerOwnThreads@16 10001c00 f   Threads.obj
 0001:00000d80       _Java_org_netbeans_lib_profiler_server_system_Threads_recordAdditionalProfilerOwnThread@12 10001d80 f   Threads.obj
 0001:00000db0       _Java_org_netbeans_lib_profiler_server_system_Threads_getTotalNumberOfThreads@8 10001db0 f   Threads.obj
 0001:00000e10       _Java_org_netbeans_lib_profiler_server_system_Threads_suspendTargetAppThreads@12 10001e10 f   Threads.obj
 0001:00000f40       _Java_org_netbeans_lib_profiler_server_system_Threads_resumeTargetAppThreads@12 10001f40 f   Threads.obj
 0001:00000ff0       _Java_org_netbeans_lib_profiler_server_system_Threads_terminateTargetAppThreads@12 10001ff0 f   Threads.obj
 0001:000010b0       _Java_org_netbeans_lib_profiler_server_system_Threads_targetAppThreadsExist@8 100020b0 f   Threads.obj
 0001:00001150       _Java_org_netbeans_lib_profiler_server_system_Threads_getAllThreads@12 10002150 f   Threads.obj
 0001:00001250       _Java_org_netbeans_lib_profiler_server_system_Threads_getThreadsStatus@16 10002250 f   Threads.obj
 0001:00001300       _Java_org_netbeans_lib_profiler_server_system_Threads_getJVMArguments@8 10002300 f   Threads.obj
 0001:00001320       _Java_org_netbeans_lib_profiler_server_system_Threads_getJavaCommand@8 10002320 f   Threads.obj
 0001:00001340       _convert_JVMTI_thread_status_to_jfluid_status 10002340 f   Threads.obj
 0001:000013b0       _Java_org_netbeans_lib_profiler_server_system_Stacks_getCurrentJavaStackDepth@12 100023b0 f   Stacks.obj
 0001:000013d0       _Java_org_netbeans_lib_profiler_server_system_Stacks_createNativeStackFrameBuffer@12 100023d0 f   Stacks.obj
 0001:00001410       _Java_org_netbeans_lib_profiler_server_system_Stacks_clearNativeStackFrameBuffer@8 10002410 f   Stacks.obj
 0001:00001450       _Java_org_netbeans_lib_profiler_server_system_Stacks_getCurrentStackFrameIds@20 10002450 f   Stacks.obj
 0001:000014f0       _Java_org_netbeans_lib_profiler_server_system_Stacks_getMethodNamesForJMethodIds@20 100024f0 f   Stacks.obj
 0001:000018f0       _get_nano_time             100028f0 f   common_functions.obj
 0001:00001910       _report_usage              10002910 f   common_functions.obj
 0001:00001950       _initializeJVMTI           10002950 f   common_functions.obj
 0001:00001b10       _JNI_OnLoad@8              10002b10 f   common_functions.obj
 0001:00001b60       _Agent_OnLoad@12           10002b60 f   common_functions.obj
 0001:00001c50       _set_system_loader         10002c50 f   class_file_cache.obj
 0001:00001d30       _loader_is_system_loader   10002d30 f   class_file_cache.obj
 0001:00001d70       _cache_loaded_classes      10002d70 f   class_file_cache.obj
 0001:00001d80       _hash                      10002d80 f   class_file_cache.obj
 0001:00001db0       _grow_ctable               10002db0 f   class_file_cache.obj
 0001:00001f10       _save_class_file_bytes     10002f10 f   class_file_cache.obj
 0001:000020d0       _get_saved_class_file_bytes 100030d0 f   class_file_cache.obj
 0001:00002200       _try_removing_bytes_for_unloaded_classes 10003200 f   class_file_cache.obj
 0001:00002210       _class_file_load_hook@40   10003210 f   class_file_cache.obj
 0001:00002300       _initializeMethods         10003300 f   class_file_cache.obj
 0001:00002650       _native_method_bind_hook@24 10003650 f   class_file_cache.obj
 0001:000026d0       _waitInterceptor@16        100036d0 f   class_file_cache.obj
 0001:00002770       _sleepInterceptor@16       10003770 f   class_file_cache.obj
 0001:00002810       _monitor_contended_enter_hook@16 10003810 f   class_file_cache.obj
 0001:00002870       _monitor_contended_entered_hook@16 10003870 f   class_file_cache.obj
 0001:000028d0       _vm_object_alloc@28        100038d0 f   class_file_cache.obj
 0001:00002920       _Java_org_netbeans_lib_profiler_server_system_Classes_setWaitTrackingEnabled@12 10003920 f   class_file_cache.obj
 0001:00002940       _Java_org_netbeans_lib_profiler_server_system_Classes_setSleepTrackingEnabled@12 10003940 f   class_file_cache.obj
 0001:00002960       _Java_org_netbeans_lib_profiler_server_system_Classes_setVMObjectAllocEnabled@12 10003960 f   class_file_cache.obj
 0001:000029a0       _parse_options_and_extract_params 100039a0 f   attach.obj
 0001:00002b20       _setupAndCallProfilerRuntimeActivate 10003b20 f   attach.obj
 0001:00002c50       _vm_init_hook@12           10003c50 f   attach.obj
 0001:00002c70       __alldiv                   10003c70 f   MSVCRT:lldiv.obj
 0001:00002d20       __allmul                   10003d20 f   MSVCRT:llmul.obj
 0001:00002d54       __ftol                     10003d54 f   MSVCRT:MSVCRT.dll
 0001:00002d5a       __CRT_INIT@12              10003d5a f   MSVCRT:crtdll.obj
 0001:00002e05       __DllMainCRTStartup@12     10003e05 f   MSVCRT:crtdll.obj
 0001:00002ea2       __initterm                 10003ea2 f   MSVCRT:MSVCRT.dll
 0001:00002ea8       _DllMain@12                10003ea8 f   MSVCRT:dllmain.obj
 0002:00000000       __imp__GetModuleHandleA@4  10004000     kernel32:KERNEL32.dll
 0002:00000004       __imp__GetProcAddress@8    10004004     kernel32:KERNEL32.dll
 0002:00000008       __imp__DisableThreadLibraryCalls@4 10004008     kernel32:KERNEL32.dll
 0002:0000000c       \177KERNEL32_NULL_THUNK_DATA 1000400c     kernel32:KERNEL32.dll
 0002:00000010       __imp__fprintf             10004010     MSVCRT:MSVCRT.dll
 0002:00000014       __imp___iob                10004014     MSVCRT:MSVCRT.dll
 0002:00000018       __imp__memmove             10004018     MSVCRT:MSVCRT.dll
 0002:0000001c       __imp___ftol               1000401c     MSVCRT:MSVCRT.dll
 0002:00000020       __imp__strncpy             10004020     MSVCRT:MSVCRT.dll
 0002:00000024       __imp__strpbrk             10004024     MSVCRT:MSVCRT.dll
 0002:00000028       __imp__calloc              10004028     MSVCRT:MSVCRT.dll
 0002:0000002c       __imp__strtol              1000402c     MSVCRT:MSVCRT.dll
 0002:00000030       __imp___initterm           10004030     MSVCRT:MSVCRT.dll
 0002:00000034       __imp___adjust_fdiv        10004034     MSVCRT:MSVCRT.dll
 0002:00000038       __imp___assert             10004038     MSVCRT:MSVCRT.dll
 0002:0000003c       __imp__malloc              1000403c     MSVCRT:MSVCRT.dll
 0002:00000040       __imp__atoi                10004040     MSVCRT:MSVCRT.dll
 0002:00000044       __imp__free                10004044     MSVCRT:MSVCRT.dll
 0002:00000048       \177MSVCRT_NULL_THUNK_DATA 10004048     MSVCRT:MSVCRT.dll
 0002:0000004c       __real@4@4008fa00000000000000 1000404c     GC.obj
 0002:00000050       __IMPORT_DESCRIPTOR_MSVCRT 10004050     MSVCRT:MSVCRT.dll
 0002:00000064       __IMPORT_DESCRIPTOR_KERNEL32 10004064     kernel32:KERNEL32.dll
 0002:00000078       __NULL_IMPORT_DESCRIPTOR   10004078     MSVCRT:MSVCRT.dll
 0003:00000000       ___xc_a                    10005000     MSVCRT:cinitexe.obj
 0003:00000004       ___xc_z                    10005004     MSVCRT:cinitexe.obj
 0003:00000008       ___xi_a                    10005008     MSVCRT:cinitexe.obj
 0003:0000000c       ___xi_z                    1000500c     MSVCRT:cinitexe.obj
 0003:00001740       __jvmti                    10006740     <common>
 0003:00001744       __jvmti_callbacks          10006744     <common>
 0003:00001748       _JVM_DumpHeap15            10006748     <common>
 0003:0000174c       __adjust_fdiv              1000674c     <common>
 0003:00001750       ___onexitend               10006750     <common>
 0003:00001754       ___onexitbegin             10006754     <common>
 0003:00001758       __pRawDllMain              10006758     <common>

 entry point at        0001:00002e05

 Static symbols

 0001:000014e0       _convert_jmethodID_to_jint 100024e0 f   Stacks.obj
 0001:000017f0       _convert_jint_to_jmethodID 100027f0 f   Stacks.obj
 0001:00001800       _copy_into_data_array      10002800 f   Stacks.obj
 0001:000018c0       _copy_dummy_names_into_data_array 100028c0 f   Stacks.obj
 0001:00000ec0       _isProfilerThread          10001ec0 f   Threads.obj
