 profilerinterface

 Timestamp is 67818f3c (Fri Jan 10 22:21:00 2025)

 Preferred load address is 10000000

 Start         Length     Name                   Class
 0001:00000000 00003e1cH .text                   CODE
 0002:00000000 00000088H .idata$5                DATA
 0002:00000088 00000004H .CRT$XCA                DATA
 0002:0000008c 00000004H .CRT$XCZ                DATA
 0002:00000090 00000004H .CRT$XIA                DATA
 0002:00000094 00000004H .CRT$XIAA               DATA
 0002:00000098 00000004H .CRT$XIZ                DATA
 0002:000000a0 00000060H .rdata                  DATA
 0002:00000100 00000004H .rdata$sxdata           DATA
 0002:00000108 0000009cH .xdata$x                DATA
 0002:000001a4 00000028H .idata$2                DATA
 0002:000001cc 00000014H .idata$3                DATA
 0002:000001e0 00000088H .idata$4                DATA
 0002:00000268 0000021eH .idata$6                DATA
 0002:00000490 00000fc3H .edata                  DATA
 0003:00000000 00001d80H .data                   DATA
 0003:00001d80 000004c8H .bss                    DATA
 0004:00000000 00000058H .rsrc$01                DATA
 0004:00000060 00000398H .rsrc$02                DATA

  Address         Publics by Value              Rva+Base       Lib:Object

 0000:00000000       __except_list              00000000     <absolute>
 0000:00000001       ___safe_se_handler_count   00000001     <absolute>
 0000:00009876       __ldused                   00009876     <absolute>
 0000:00009876       __fltused                  00009876     <absolute>
 0000:00000000       ___ImageBase               10000000     <linker-defined>
 0001:00000000       _Java_org_graalvm_visualvm_lib_jfluid_server_system_Classes_getAllLoadedClasses@8 10001000 f   Classes.obj
 0001:00000170       _Java_org_graalvm_visualvm_lib_jfluid_server_system_Classes_cacheLoadedClasses@16 10001170 f   Classes.obj
 0001:000001d0       _Java_org_graalvm_visualvm_lib_jfluid_server_system_Classes_getCachedClassFileBytes@12 100011d0 f   Classes.obj
 0001:00000300       _register_class_prepare@16 10001300 f   Classes.obj
 0001:00000350       _Java_org_graalvm_visualvm_lib_jfluid_server_system_Classes_enableClassLoadHook@8 10001350 f   Classes.obj
 0001:00000420       _Java_org_graalvm_visualvm_lib_jfluid_server_system_Classes_disableClassLoadHook@8 10001420 f   Classes.obj
 0001:00000460       _Java_org_graalvm_visualvm_lib_jfluid_server_system_Classes_getObjectSize@12 10001460 f   Classes.obj
 0001:00000490       _Java_org_graalvm_visualvm_lib_jfluid_server_system_Classes_doRedefineClasses@16 10001490 f   Classes.obj
 0001:000006d0       _Java_org_graalvm_visualvm_lib_jfluid_server_system_Classes_notifyAboutClassLoaderUnloading@8 100016d0 f   Classes.obj
 0001:000006e0       _Java_org_graalvm_visualvm_lib_jfluid_server_system_HeapDump_initialize15@8 100016e0 f   HeapDump.obj
 0001:00000730       _Java_org_graalvm_visualvm_lib_jfluid_server_system_HeapDump_takeHeapDump15Native@12 10001730 f   HeapDump.obj
 0001:00000790       _Java_org_graalvm_visualvm_lib_jfluid_server_system_Timers_getThreadCPUTimeInNanos@8 10001790 f   Timers.obj
 0001:00000800       _Java_org_graalvm_visualvm_lib_jfluid_server_system_Timers_osSleep@12 10001800 f   Timers.obj
 0001:00000810       _Java_org_graalvm_visualvm_lib_jfluid_server_system_Timers_enableMicrostateAccounting@12 10001810 f   Timers.obj
 0001:00000820       _register_gc_start@4       10001820 f   GC.obj
 0001:00000890       _register_gc_finish@4      10001890 f   GC.obj
 0001:00000910       _enable_gc_start_finish_hook 10001910 f   GC.obj
 0001:000009d0       _Java_org_graalvm_visualvm_lib_jfluid_server_system_GC_activateGCEpochCounter@12 100019d0 f   GC.obj
 0001:00000a40       _Java_org_graalvm_visualvm_lib_jfluid_server_system_GC_resetGCEpochCounter@8 10001a40 f   GC.obj
 0001:00000a50       _Java_org_graalvm_visualvm_lib_jfluid_server_system_GC_getCurrentGCEpoch@8 10001a50 f   GC.obj
 0001:00000a60       _Java_org_graalvm_visualvm_lib_jfluid_server_system_GC_objectsAdjacent@16 10001a60 f   GC.obj
 0001:00000aa0       _Java_org_graalvm_visualvm_lib_jfluid_server_system_GC_getGCRelativeTimeMetrics@12 10001aa0 f   GC.obj
 0001:00000bf0       _Java_org_graalvm_visualvm_lib_jfluid_server_system_GC_getGCStartFinishTimes@16 10001bf0 f   GC.obj
 0001:00000c30       _Java_org_graalvm_visualvm_lib_jfluid_server_system_GC_runGC@8 10001c30 f   GC.obj
 0001:00000c50       _convert_JVMTI_thread_status_to_jfluid_status 10001c50 f   Threads.obj
 0001:00000d50       _Java_org_graalvm_visualvm_lib_jfluid_server_system_Threads_recordProfilerOwnThreads@16 10001d50 f   Threads.obj
 0001:00000f00       _Java_org_graalvm_visualvm_lib_jfluid_server_system_Threads_recordAdditionalProfilerOwnThread@12 10001f00 f   Threads.obj
 0001:00000f30       _Java_org_graalvm_visualvm_lib_jfluid_server_system_Threads_getTotalNumberOfThreads@8 10001f30 f   Threads.obj
 0001:00000f90       _Java_org_graalvm_visualvm_lib_jfluid_server_system_Threads_suspendTargetAppThreads@12 10001f90 f   Threads.obj
 0001:00001050       _Java_org_graalvm_visualvm_lib_jfluid_server_system_Threads_resumeTargetAppThreads@12 10002050 f   Threads.obj
 0001:00001110       _Java_org_graalvm_visualvm_lib_jfluid_server_system_Threads_terminateTargetAppThreads@12 10002110 f   Threads.obj
 0001:000011d0       _Java_org_graalvm_visualvm_lib_jfluid_server_system_Threads_targetAppThreadsExist@8 100021d0 f   Threads.obj
 0001:00001280       _Java_org_graalvm_visualvm_lib_jfluid_server_system_Threads_getAllThreads@12 10002280 f   Threads.obj
 0001:00001390       _Java_org_graalvm_visualvm_lib_jfluid_server_system_Threads_getThreadsStatus@16 10002390 f   Threads.obj
 0001:00001440       _Java_org_graalvm_visualvm_lib_jfluid_server_system_Threads_getJVMArguments@8 10002440 f   Threads.obj
 0001:00001460       _Java_org_graalvm_visualvm_lib_jfluid_server_system_Threads_getJavaCommand@8 10002460 f   Threads.obj
 0001:000014a0       _Java_org_graalvm_visualvm_lib_jfluid_server_system_Stacks_getCurrentJavaStackDepth@12 100024a0 f   Stacks.obj
 0001:000014c0       _Java_org_graalvm_visualvm_lib_jfluid_server_system_Stacks_clearNativeStackFrameBuffer@8 100024c0 f   Stacks.obj
 0001:00001500       _Java_org_graalvm_visualvm_lib_jfluid_server_system_Stacks_getCurrentStackFrameIds@20 10002500 f   Stacks.obj
 0001:00001680       _Java_org_graalvm_visualvm_lib_jfluid_server_system_Stacks_getMethodNamesForJMethodIds@20 10002680 f   Stacks.obj
 0001:00001a30       _Java_org_graalvm_visualvm_lib_jfluid_server_system_Stacks_getAllStackTraces@20 10002a30 f   Stacks.obj
 0001:00001c90       _Java_org_graalvm_visualvm_lib_jfluid_server_system_Stacks_createNativeStackFrameBuffer@12 10002c90 f   Stacks.obj
 0001:00001ce0       _get_nano_time             10002ce0 f   common_functions.obj
 0001:00001d10       _report_usage              10002d10 f   common_functions.obj
 0001:00001f40       _JNI_OnLoad@8              10002f40 f   common_functions.obj
 0001:00001f90       _Agent_OnLoad@12           10002f90 f   common_functions.obj
 0001:00002080       _cache_loaded_classes      10003080 f   class_file_cache.obj
 0001:000022c0       _get_saved_class_file_bytes 100032c0 f   class_file_cache.obj
 0001:000023f0       _try_removing_bytes_for_unloaded_classes 100033f0 f   class_file_cache.obj
 0001:00002730       _waitInterceptor@16        10003730 f   class_file_cache.obj
 0001:000027e0       _sleepInterceptor@16       100037e0 f   class_file_cache.obj
 0001:00002890       _parkInterceptor@20        10003890 f   class_file_cache.obj
 0001:00002940       _monitor_contended_enter_hook@16 10003940 f   class_file_cache.obj
 0001:000029b0       _monitor_contended_entered_hook@16 100039b0 f   class_file_cache.obj
 0001:00002a10       _vm_object_alloc@28        10003a10 f   class_file_cache.obj
 0001:00002a80       _Java_org_graalvm_visualvm_lib_jfluid_server_system_Classes_setParkTrackingEnabled@12 10003a80 f   class_file_cache.obj
 0001:00002ad0       _Java_org_graalvm_visualvm_lib_jfluid_server_system_Classes_setLockContentionMonitoringEnabled@12 10003ad0 f   class_file_cache.obj
 0001:00002ae0       _Java_org_graalvm_visualvm_lib_jfluid_server_system_Classes_setWaitTrackingEnabled@12 10003ae0 f   class_file_cache.obj
 0001:00002b40       _Java_org_graalvm_visualvm_lib_jfluid_server_system_Classes_setSleepTrackingEnabled@12 10003b40 f   class_file_cache.obj
 0001:00002b90       _Java_org_graalvm_visualvm_lib_jfluid_server_system_Classes_setVMObjectAllocEnabled@12 10003b90 f   class_file_cache.obj
 0001:00002dd0       _class_file_load_hook@40   10003dd0 f   class_file_cache.obj
 0001:00002f20       _native_method_bind_hook@24 10003f20 f   class_file_cache.obj
 0001:000032e0       _parse_options_and_extract_params 100042e0 f   attach.obj
 0001:00003590       _vm_init_hook@12           10004590 f   attach.obj
 0001:000035a0       _memcpy                    100045a0 f   MSVCRT:msvcrt.dll
 0001:000035b0       __alldiv                   100045b0 f   MSVCRT:lldiv.obj
 0001:00003660       __allmul                   10004660 f   MSVCRT:llmul.obj
 0001:00003694       __ftol2                    10004694 f   MSVCRT:msvcrt.dll
 0001:0000369a       _memset                    1000469a f   MSVCRT:msvcrt.dll
 0001:000036a0       ___CppXcptFilter           100046a0 f i MSVCRT:crtdll.obj
 0001:000036c0       __initterm_e               100046c0 f i MSVCRT:crtdll.obj
 0001:00003706       __CRT_INIT@12              10004706 f   MSVCRT:crtdll.obj
 0001:00003ae9       __DllMainCRTStartup@12     10004ae9 f   MSVCRT:crtdll.obj
 0001:00003b00       __XcptFilter               10004b00 f   MSVCRT:msvcrt.dll
 0001:00003b10       __ValidateImageBase        10004b10 f   MSVCRT:pesect.obj
 0001:00003b50       __FindPESection            10004b50 f   MSVCRT:pesect.obj
 0001:00003b94       __IsNonwritableInCurrentImage 10004b94 f   MSVCRT:pesect.obj
 0001:00003c00       __initterm                 10004c00 f   MSVCRT:msvcrt.dll
 0001:00003c06       __amsg_exit                10004c06 f   MSVCRT:msvcrt.dll
 0001:00003c0c       _DllMain@12                10004c0c f   MSVCRT:dllmain.obj
 0001:00003c14       __SEH_prolog4              10004c14 f   MSVCRT:sehprolg4.obj
 0001:00003c59       __SEH_epilog4              10004c59 f   MSVCRT:sehprolg4.obj
 0001:00003c6d       __except_handler4          10004c6d f   MSVCRT:chandler4gs.obj
 0001:00003c92       ___security_init_cookie    10004c92 f   MSVCRT:gs_support.obj
 0001:00003d23       @__security_check_cookie@4 10004d23 f   MSVCRT:secchk.obj
 0001:00003d34       __except_handler4_common   10004d34 f   MSVCRT:msvcrt.dll
 0001:00003d3a       ___report_gsfailure        10004d3a f   MSVCRT:gs_report.obj
 0002:00000000       __imp__UnhandledExceptionFilter@4 10005000     kernel32:KERNEL32.dll
 0002:00000004       __imp__GetCurrentProcess@0 10005004     kernel32:KERNEL32.dll
 0002:00000008       __imp__TerminateProcess@8  10005008     kernel32:KERNEL32.dll
 0002:0000000c       __imp__GetSystemTimeAsFileTime@4 1000500c     kernel32:KERNEL32.dll
 0002:00000010       __imp__GetCurrentProcessId@0 10005010     kernel32:KERNEL32.dll
 0002:00000014       __imp__GetCurrentThreadId@0 10005014     kernel32:KERNEL32.dll
 0002:00000018       __imp__GetTickCount@0      10005018     kernel32:KERNEL32.dll
 0002:0000001c       __imp__QueryPerformanceCounter@4 1000501c     kernel32:KERNEL32.dll
 0002:00000020       __imp__InterlockedCompareExchange@12 10005020     kernel32:KERNEL32.dll
 0002:00000024       __imp__Sleep@4             10005024     kernel32:KERNEL32.dll
 0002:00000028       __imp__InterlockedExchange@8 10005028     kernel32:KERNEL32.dll
 0002:0000002c       __imp__GetModuleHandleA@4  1000502c     kernel32:KERNEL32.dll
 0002:00000030       __imp__GetProcAddress@8    10005030     kernel32:KERNEL32.dll
 0002:00000034       __imp__SetUnhandledExceptionFilter@4 10005034     kernel32:KERNEL32.dll
 0002:00000038       \177KERNEL32_NULL_THUNK_DATA 10005038     kernel32:KERNEL32.dll
 0002:0000003c       __imp___initterm           1000503c     MSVCRT:msvcrt.dll
 0002:00000040       __imp___amsg_exit          10005040     MSVCRT:msvcrt.dll
 0002:00000044       __imp___XcptFilter         10005044     MSVCRT:msvcrt.dll
 0002:00000048       __imp___except_handler4_common 10005048     MSVCRT:msvcrt.dll
 0002:0000004c       __imp__strtol              1000504c     MSVCRT:msvcrt.dll
 0002:00000050       __imp__atoi                10005050     MSVCRT:msvcrt.dll
 0002:00000054       __imp__strpbrk             10005054     MSVCRT:msvcrt.dll
 0002:00000058       __imp__memset              10005058     MSVCRT:msvcrt.dll
 0002:0000005c       __imp__strncpy             1000505c     MSVCRT:msvcrt.dll
 0002:00000060       __imp___ftol2              10005060     MSVCRT:msvcrt.dll
 0002:00000064       __imp__memmove             10005064     MSVCRT:msvcrt.dll
 0002:00000068       __imp__memcpy              10005068     MSVCRT:msvcrt.dll
 0002:0000006c       __imp____iob_func          1000506c     MSVCRT:msvcrt.dll
 0002:00000070       __imp__fprintf             10005070     MSVCRT:msvcrt.dll
 0002:00000074       __imp__calloc              10005074     MSVCRT:msvcrt.dll
 0002:00000078       __imp___wassert            10005078     MSVCRT:msvcrt.dll
 0002:0000007c       __imp__malloc              1000507c     MSVCRT:msvcrt.dll
 0002:00000080       __imp__free                10005080     MSVCRT:msvcrt.dll
 0002:00000084       \177msvcrt_NULL_THUNK_DATA 10005084     MSVCRT:msvcrt.dll
 0002:00000088       ___xc_a                    10005088     MSVCRT:cinitexe.obj
 0002:0000008c       ___xc_z                    1000508c     MSVCRT:cinitexe.obj
 0002:00000090       ___xi_a                    10005090     MSVCRT:cinitexe.obj
 0002:00000098       ___xi_z                    10005098     MSVCRT:cinitexe.obj
 0002:000000a0       __real@408f400000000000    100050a0     GC.obj
 0002:000000a8       __pDefaultRawDllMain       100050a8     MSVCRT:crtdll.obj
 0002:000000b8       __load_config_used         100050b8     MSVCRT:loadcfg.obj
 0002:00000100       ___safe_se_handler_table   10005100     <linker-defined>
 0002:000001a4       __IMPORT_DESCRIPTOR_msvcrt 100051a4     MSVCRT:msvcrt.dll
 0002:000001b8       __IMPORT_DESCRIPTOR_KERNEL32 100051b8     kernel32:KERNEL32.dll
 0002:000001cc       __NULL_IMPORT_DESCRIPTOR   100051cc     MSVCRT:msvcrt.dll
 0003:00001d70       ___native_dllmain_reason   10008d70     MSVCRT:natstart.obj
 0003:00001d74       ___native_vcclrit_reason   10008d74     MSVCRT:natstart.obj
 0003:00001d78       ___security_cookie         10008d78     MSVCRT:gs_cookie.obj
 0003:00001d7c       ___security_cookie_complement 10008d7c     MSVCRT:gs_cookie.obj
 0003:00002224       __jvmti                    10009224     <common>
 0003:00002228       __jvmti_callbacks          10009228     <common>
 0003:0000222c       _JVM_DumpHeap15            1000922c     <common>
 0003:00002230       ___native_startup_state    10009230     <common>
 0003:00002234       ___native_startup_lock     10009234     <common>
 0003:00002238       ___onexitend               10009238     <common>
 0003:0000223c       ___onexitbegin             1000923c     <common>
 0003:00002240       __pRawDllMain              10009240     <common>
 0003:00002244       ___dyn_tls_init_callback   10009244     <common>

 entry point at        0001:00003ae9

 Static symbols

 0001:00000cd0       _isProfilerThread          10001cd0 f   Threads.obj
 0001:00001480       _convert_jmethodID_to_jint 10002480 f   Stacks.obj
 0001:00001490       _convert_jint_to_jmethodID 10002490 f   Stacks.obj
 0001:00001590       _copy_into_data_array      10002590 f   Stacks.obj
 0001:00001650       _copy_dummy_names_into_data_array 10002650 f   Stacks.obj
 0001:00001d60       _initializeJVMTI           10002d60 f   common_functions.obj
 0001:000020d0       _isSameObject              100030d0 f   class_file_cache.obj
 0001:000020f0       _hash                      100030f0 f   class_file_cache.obj
 0001:00002130       _grow_ctable               10003130 f   class_file_cache.obj
 0001:00002400       _getOwner                  10003400 f   class_file_cache.obj
 0001:00002460       _initializeMethods         10003460 f   class_file_cache.obj
 0001:00002bd0       _save_class_file_bytes     10003bd0 f   class_file_cache.obj
 0001:00003450       _setupAndCallProfilerRuntimeActivate 10004450 f   attach.obj
 0001:000036e4       _pre_c_init                100046e4 f   MSVCRT:crtdll.obj
 0001:0000388d       ___DllMainCRTStartup@12    1000488d f   MSVCRT:crtdll.obj
