 profilerinterface

 Timestamp is 4706a018 (Fri Oct 05 22:35:36 2007)

 Preferred load address is 10000000

 Start         Length     Name                   Class
 0001:00000000 00002e48H .text                   CODE
 0002:00000000 00000050H .idata$5                DATA
 0002:00000050 00000004H .rdata                  DATA
 0002:00000054 00000028H .idata$2                DATA
 0002:0000007c 00000014H .idata$3                DATA
 0002:00000090 00000050H .idata$4                DATA
 0002:000000e0 000000f2H .idata$6                DATA
 0002:000001e0 00000db3H .edata                  DATA
 0003:00000000 00000004H .CRT$XCA                DATA
 0003:00000004 00000004H .CRT$XCZ                DATA
 0003:00000008 00000004H .CRT$XIA                DATA
 0003:0000000c 00000004H .CRT$XIZ                DATA
 0003:00000010 00001550H .data                   DATA
 0003:00001560 0000019cH .bss                    DATA

  Address         Publics by Value              Rva+Base     Lib:Object

 0001:00000000       _Java_org_netbeans_lib_profiler_server_system_Classes_getAllLoadedClasses@8 10001000 f   Classes.obj
 0001:00000160       _Java_org_netbeans_lib_profiler_server_system_Classes_cacheLoadedClasses@16 10001160 f   Classes.obj
 0001:000001c0       _Java_org_netbeans_lib_profiler_server_system_Classes_getCachedClassFileBytes@12 100011c0 f   Classes.obj
 0001:000002e0       _register_class_prepare@16 100012e0 f   Classes.obj
 0001:00000310       _Java_org_netbeans_lib_profiler_server_system_Classes_enableClassLoadHook@8 10001310 f   Classes.obj
 0001:000003d0       _Java_org_netbeans_lib_profiler_server_system_Classes_disableClassLoadHook@8 100013d0 f   Classes.obj
 0001:00000410       _Java_org_netbeans_lib_profiler_server_system_Classes_getObjectSize@12 10001410 f   Classes.obj
 0001:00000440       _Java_org_netbeans_lib_profiler_server_system_Classes_doRedefineClasses@16 10001440 f   Classes.obj
 0001:00000680       _Java_org_netbeans_lib_profiler_server_system_Classes_notifyAboutClassLoaderUnloading@8 10001680 f   Classes.obj
 0001:00000690       _Java_org_netbeans_lib_profiler_server_system_HeapDump_initialize15@8 10001690 f   HeapDump.obj
 0001:00000710       _Java_org_netbeans_lib_profiler_server_system_HeapDump_takeHeapDump15Native@12 10001710 f   HeapDump.obj
 0001:00000770       _Java_org_netbeans_lib_profiler_server_system_Timers_getThreadCPUTimeInNanos@8 10001770 f   Timers.obj
 0001:000007d0       _Java_org_netbeans_lib_profiler_server_system_Timers_osSleep@12 100017d0 f   Timers.obj
 0001:000007e0       _Java_org_netbeans_lib_profiler_server_system_Timers_enableMicrostateAccounting@12 100017e0 f   Timers.obj
 0001:000007f0       _register_gc_start@4       100017f0 f   GC.obj
 0001:00000880       _register_gc_finish@4      10001880 f   GC.obj
 0001:00000920       _enable_gc_start_finish_hook 10001920 f   GC.obj
 0001:000009e0       _Java_org_netbeans_lib_profiler_server_system_GC_activateGCEpochCounter@12 100019e0 f   GC.obj
 0001:00000a50       _Java_org_netbeans_lib_profiler_server_system_GC_resetGCEpochCounter@8 10001a50 f   GC.obj
 0001:00000a60       _Java_org_netbeans_lib_profiler_server_system_GC_getCurrentGCEpoch@8 10001a60 f   GC.obj
 0001:00000a70       _Java_org_netbeans_lib_profiler_server_system_GC_objectsAdjacent@16 10001a70 f   GC.obj
 0001:00000ab0       _Java_org_netbeans_lib_profiler_server_system_GC_getGCRelativeTimeMetrics@12 10001ab0 f   GC.obj
 0001:00000bc0       _Java_org_netbeans_lib_profiler_server_system_GC_getGCStartFinishTimes@16 10001bc0 f   GC.obj
 0001:00000c00       _Java_org_netbeans_lib_profiler_server_system_GC_runGC@8 10001c00 f   GC.obj
 0001:00000c20       _Java_org_netbeans_lib_profiler_server_system_Threads_recordProfilerOwnThreads@16 10001c20 f   Threads.obj
 0001:00000da0       _Java_org_netbeans_lib_profiler_server_system_Threads_recordAdditionalProfilerOwnThread@12 10001da0 f   Threads.obj
 0001:00000dd0       _Java_org_netbeans_lib_profiler_server_system_Threads_getTotalNumberOfThreads@8 10001dd0 f   Threads.obj
 0001:00000e30       _Java_org_netbeans_lib_profiler_server_system_Threads_suspendTargetAppThreads@12 10001e30 f   Threads.obj
 0001:00000f60       _Java_org_netbeans_lib_profiler_server_system_Threads_resumeTargetAppThreads@12 10001f60 f   Threads.obj
 0001:00001010       _Java_org_netbeans_lib_profiler_server_system_Threads_terminateTargetAppThreads@12 10002010 f   Threads.obj
 0001:000010d0       _Java_org_netbeans_lib_profiler_server_system_Threads_targetAppThreadsExist@8 100020d0 f   Threads.obj
 0001:00001170       _Java_org_netbeans_lib_profiler_server_system_Threads_getAllThreads@12 10002170 f   Threads.obj
 0001:00001270       _Java_org_netbeans_lib_profiler_server_system_Threads_getThreadsStatus@16 10002270 f   Threads.obj
 0001:00001320       _Java_org_netbeans_lib_profiler_server_system_Threads_getJVMArguments@8 10002320 f   Threads.obj
 0001:00001340       _Java_org_netbeans_lib_profiler_server_system_Threads_getJavaCommand@8 10002340 f   Threads.obj
 0001:00001360       _convert_JVMTI_thread_status_to_jfluid_status 10002360 f   Threads.obj
 0001:000013d0       _Java_org_netbeans_lib_profiler_server_system_Stacks_getCurrentJavaStackDepth@12 100023d0 f   Stacks.obj
 0001:000013f0       _Java_org_netbeans_lib_profiler_server_system_Stacks_createNativeStackFrameBuffer@12 100023f0 f   Stacks.obj
 0001:00001430       _Java_org_netbeans_lib_profiler_server_system_Stacks_clearNativeStackFrameBuffer@8 10002430 f   Stacks.obj
 0001:00001470       _Java_org_netbeans_lib_profiler_server_system_Stacks_getCurrentStackFrameIds@20 10002470 f   Stacks.obj
 0001:00001510       _Java_org_netbeans_lib_profiler_server_system_Stacks_getMethodNamesForJMethodIds@20 10002510 f   Stacks.obj
 0001:00001910       _get_nano_time             10002910 f   common_functions.obj
 0001:00001930       _report_usage              10002930 f   common_functions.obj
 0001:00001970       _initializeJVMTI           10002970 f   common_functions.obj
 0001:00001b40       _JNI_OnLoad@8              10002b40 f   common_functions.obj
 0001:00001b90       _Agent_OnLoad@12           10002b90 f   common_functions.obj
 0001:00001c80       _set_system_loader         10002c80 f   class_file_cache.obj
 0001:00001d10       _loader_is_system_loader   10002d10 f   class_file_cache.obj
 0001:00001d50       _cache_loaded_classes      10002d50 f   class_file_cache.obj
 0001:00001de0       _hash                      10002de0 f   class_file_cache.obj
 0001:00001e10       _grow_ctable               10002e10 f   class_file_cache.obj
 0001:00001f70       _save_class_file_bytes     10002f70 f   class_file_cache.obj
 0001:000020d0       _get_saved_class_file_bytes 100030d0 f   class_file_cache.obj
 0001:00002210       _try_removing_bytes_for_unloaded_classes 10003210 f   class_file_cache.obj
 0001:00002220       _class_file_load_hook@40   10003220 f   class_file_cache.obj
 0001:000022a0       _initializeMethods         100032a0 f   class_file_cache.obj
 0001:000025f0       _native_method_bind_hook@24 100035f0 f   class_file_cache.obj
 0001:00002670       _waitInterceptor@16        10003670 f   class_file_cache.obj
 0001:00002710       _sleepInterceptor@16       10003710 f   class_file_cache.obj
 0001:000027b0       _monitor_contended_enter_hook@16 100037b0 f   class_file_cache.obj
 0001:00002810       _monitor_contended_entered_hook@16 10003810 f   class_file_cache.obj
 0001:00002870       _vm_object_alloc@28        10003870 f   class_file_cache.obj
 0001:000028c0       _Java_org_netbeans_lib_profiler_server_system_Classes_setWaitTrackingEnabled@12 100038c0 f   class_file_cache.obj
 0001:000028e0       _Java_org_netbeans_lib_profiler_server_system_Classes_setSleepTrackingEnabled@12 100038e0 f   class_file_cache.obj
 0001:00002900       _Java_org_netbeans_lib_profiler_server_system_Classes_setVMObjectAllocEnabled@12 10003900 f   class_file_cache.obj
 0001:00002940       _parse_options_and_extract_params 10003940 f   attach.obj
 0001:00002ac0       _setupAndCallProfilerRuntimeActivate 10003ac0 f   attach.obj
 0001:00002bd0       _vm_init_hook@12           10003bd0 f   attach.obj
 0001:00002bf0       __alldiv                   10003bf0 f   MSVCRT:lldiv.obj
 0001:00002ca0       __allmul                   10003ca0 f   MSVCRT:llmul.obj
 0001:00002cd4       __ftol                     10003cd4 f   MSVCRT:MSVCRT.dll
 0001:00002cda       __CRT_INIT@12              10003cda f   MSVCRT:crtdll.obj
 0001:00002d85       __DllMainCRTStartup@12     10003d85 f   MSVCRT:crtdll.obj
 0001:00002e22       __initterm                 10003e22 f   MSVCRT:MSVCRT.dll
 0001:00002e28       _DllMain@12                10003e28 f   MSVCRT:dllmain.obj
 0002:00000000       __imp__GetModuleHandleA@4  10004000     kernel32:KERNEL32.dll
 0002:00000004       __imp__GetProcAddress@8    10004004     kernel32:KERNEL32.dll
 0002:00000008       __imp__DisableThreadLibraryCalls@4 10004008     kernel32:KERNEL32.dll
 0002:0000000c       \177KERNEL32_NULL_THUNK_DATA 1000400c     kernel32:KERNEL32.dll
 0002:00000010       __imp__fprintf             10004010     MSVCRT:MSVCRT.dll
 0002:00000014       __imp___iob                10004014     MSVCRT:MSVCRT.dll
 0002:00000018       __imp__memmove             10004018     MSVCRT:MSVCRT.dll
 0002:0000001c       __imp___ftol               1000401c     MSVCRT:MSVCRT.dll
 0002:00000020       __imp__strncpy             10004020     MSVCRT:MSVCRT.dll
 0002:00000024       __imp__strpbrk             10004024     MSVCRT:MSVCRT.dll
 0002:00000028       __imp__calloc              10004028     MSVCRT:MSVCRT.dll
 0002:0000002c       __imp__atoi                1000402c     MSVCRT:MSVCRT.dll
 0002:00000030       __imp__strtol              10004030     MSVCRT:MSVCRT.dll
 0002:00000034       __imp___initterm           10004034     MSVCRT:MSVCRT.dll
 0002:00000038       __imp___adjust_fdiv        10004038     MSVCRT:MSVCRT.dll
 0002:0000003c       __imp___assert             1000403c     MSVCRT:MSVCRT.dll
 0002:00000040       __imp__malloc              10004040     MSVCRT:MSVCRT.dll
 0002:00000044       __imp__printf              10004044     MSVCRT:MSVCRT.dll
 0002:00000048       __imp__free                10004048     MSVCRT:MSVCRT.dll
 0002:0000004c       \177MSVCRT_NULL_THUNK_DATA 1000404c     MSVCRT:MSVCRT.dll
 0002:00000050       __real@4@4008fa00000000000000 10004050     GC.obj
 0002:00000054       __IMPORT_DESCRIPTOR_MSVCRT 10004054     MSVCRT:MSVCRT.dll
 0002:00000068       __IMPORT_DESCRIPTOR_KERNEL32 10004068     kernel32:KERNEL32.dll
 0002:0000007c       __NULL_IMPORT_DESCRIPTOR   1000407c     MSVCRT:MSVCRT.dll
 0003:00000000       ___xc_a                    10005000     MSVCRT:cinitexe.obj
 0003:00000004       ___xc_z                    10005004     MSVCRT:cinitexe.obj
 0003:00000008       ___xi_a                    10005008     MSVCRT:cinitexe.obj
 0003:0000000c       ___xi_z                    1000500c     MSVCRT:cinitexe.obj
 0003:000016e0       __jvmti                    100066e0     <common>
 0003:000016e4       __jvmti_callbacks          100066e4     <common>
 0003:000016e8       _JVM_DumpHeap15            100066e8     <common>
 0003:000016ec       __adjust_fdiv              100066ec     <common>
 0003:000016f0       ___onexitend               100066f0     <common>
 0003:000016f4       ___onexitbegin             100066f4     <common>
 0003:000016f8       __pRawDllMain              100066f8     <common>

 entry point at        0001:00002d85

 Static symbols

 0001:00001500       _convert_jmethodID_to_jint 10002500 f   Stacks.obj
 0001:00001810       _convert_jint_to_jmethodID 10002810 f   Stacks.obj
 0001:00001820       _copy_into_data_array      10002820 f   Stacks.obj
 0001:000018e0       _copy_dummy_names_into_data_array 100028e0 f   Stacks.obj
 0001:00000ee0       _isProfilerThread          10001ee0 f   Threads.obj
