 profilerinterface

 Timestamp is 4b2b9092 (Fri Dec 18 15:24:18 2009)

 Preferred load address is 10000000

 Start         Length     Name                   Class
 0001:00000000 00002e98H .text                   CODE
 0002:00000000 0000004cH .idata$5                DATA
 0002:0000004c 00000004H .rdata                  DATA
 0002:00000050 00000028H .idata$2                DATA
 0002:00000078 00000014H .idata$3                DATA
 0002:0000008c 0000004cH .idata$4                DATA
 0002:000000d8 000000e8H .idata$6                DATA
 0002:000001c0 00000db3H .edata                  DATA
 0003:00000000 00000004H .CRT$XCA                DATA
 0003:00000004 00000004H .CRT$XCZ                DATA
 0003:00000008 00000004H .CRT$XIA                DATA
 0003:0000000c 00000004H .CRT$XIZ                DATA
 0003:00000010 00001580H .data                   DATA
 0003:00001590 0000019cH .bss                    DATA

  Address         Publics by Value              Rva+Base     Lib:Object

 0001:00000000       _Java_org_netbeans_lib_profiler_server_system_Classes_getAllLoadedClasses@8 10001000 f   Classes.obj
 0001:00000150       _Java_org_netbeans_lib_profiler_server_system_Classes_cacheLoadedClasses@16 10001150 f   Classes.obj
 0001:000001b0       _Java_org_netbeans_lib_profiler_server_system_Classes_getCachedClassFileBytes@12 100011b0 f   Classes.obj
 0001:000002d0       _register_class_prepare@16 100012d0 f   Classes.obj
 0001:00000300       _Java_org_netbeans_lib_profiler_server_system_Classes_enableClassLoadHook@8 10001300 f   Classes.obj
 0001:000003c0       _Java_org_netbeans_lib_profiler_server_system_Classes_disableClassLoadHook@8 100013c0 f   Classes.obj
 0001:00000400       _Java_org_netbeans_lib_profiler_server_system_Classes_getObjectSize@12 10001400 f   Classes.obj
 0001:00000430       _Java_org_netbeans_lib_profiler_server_system_Classes_doRedefineClasses@16 10001430 f   Classes.obj
 0001:00000670       _Java_org_netbeans_lib_profiler_server_system_Classes_notifyAboutClassLoaderUnloading@8 10001670 f   Classes.obj
 0001:00000680       _Java_org_netbeans_lib_profiler_server_system_HeapDump_initialize15@8 10001680 f   HeapDump.obj
 0001:000006e0       _Java_org_netbeans_lib_profiler_server_system_HeapDump_takeHeapDump15Native@12 100016e0 f   HeapDump.obj
 0001:00000740       _Java_org_netbeans_lib_profiler_server_system_Timers_getThreadCPUTimeInNanos@8 10001740 f   Timers.obj
 0001:000007a0       _Java_org_netbeans_lib_profiler_server_system_Timers_osSleep@12 100017a0 f   Timers.obj
 0001:000007b0       _Java_org_netbeans_lib_profiler_server_system_Timers_enableMicrostateAccounting@12 100017b0 f   Timers.obj
 0001:000007c0       _register_gc_start@4       100017c0 f   GC.obj
 0001:00000850       _register_gc_finish@4      10001850 f   GC.obj
 0001:000008f0       _enable_gc_start_finish_hook 100018f0 f   GC.obj
 0001:000009b0       _Java_org_netbeans_lib_profiler_server_system_GC_activateGCEpochCounter@12 100019b0 f   GC.obj
 0001:00000a20       _Java_org_netbeans_lib_profiler_server_system_GC_resetGCEpochCounter@8 10001a20 f   GC.obj
 0001:00000a30       _Java_org_netbeans_lib_profiler_server_system_GC_getCurrentGCEpoch@8 10001a30 f   GC.obj
 0001:00000a40       _Java_org_netbeans_lib_profiler_server_system_GC_objectsAdjacent@16 10001a40 f   GC.obj
 0001:00000a80       _Java_org_netbeans_lib_profiler_server_system_GC_getGCRelativeTimeMetrics@12 10001a80 f   GC.obj
 0001:00000b90       _Java_org_netbeans_lib_profiler_server_system_GC_getGCStartFinishTimes@16 10001b90 f   GC.obj
 0001:00000bd0       _Java_org_netbeans_lib_profiler_server_system_GC_runGC@8 10001bd0 f   GC.obj
 0001:00000bf0       _Java_org_netbeans_lib_profiler_server_system_Threads_recordProfilerOwnThreads@16 10001bf0 f   Threads.obj
 0001:00000d70       _Java_org_netbeans_lib_profiler_server_system_Threads_recordAdditionalProfilerOwnThread@12 10001d70 f   Threads.obj
 0001:00000da0       _Java_org_netbeans_lib_profiler_server_system_Threads_getTotalNumberOfThreads@8 10001da0 f   Threads.obj
 0001:00000e00       _Java_org_netbeans_lib_profiler_server_system_Threads_suspendTargetAppThreads@12 10001e00 f   Threads.obj
 0001:00000f30       _Java_org_netbeans_lib_profiler_server_system_Threads_resumeTargetAppThreads@12 10001f30 f   Threads.obj
 0001:00000fe0       _Java_org_netbeans_lib_profiler_server_system_Threads_terminateTargetAppThreads@12 10001fe0 f   Threads.obj
 0001:000010a0       _Java_org_netbeans_lib_profiler_server_system_Threads_targetAppThreadsExist@8 100020a0 f   Threads.obj
 0001:00001140       _Java_org_netbeans_lib_profiler_server_system_Threads_getAllThreads@12 10002140 f   Threads.obj
 0001:00001240       _Java_org_netbeans_lib_profiler_server_system_Threads_getThreadsStatus@16 10002240 f   Threads.obj
 0001:000012f0       _Java_org_netbeans_lib_profiler_server_system_Threads_getJVMArguments@8 100022f0 f   Threads.obj
 0001:00001310       _Java_org_netbeans_lib_profiler_server_system_Threads_getJavaCommand@8 10002310 f   Threads.obj
 0001:00001330       _convert_JVMTI_thread_status_to_jfluid_status 10002330 f   Threads.obj
 0001:000013a0       _Java_org_netbeans_lib_profiler_server_system_Stacks_getCurrentJavaStackDepth@12 100023a0 f   Stacks.obj
 0001:000013c0       _Java_org_netbeans_lib_profiler_server_system_Stacks_createNativeStackFrameBuffer@12 100023c0 f   Stacks.obj
 0001:00001400       _Java_org_netbeans_lib_profiler_server_system_Stacks_clearNativeStackFrameBuffer@8 10002400 f   Stacks.obj
 0001:00001440       _Java_org_netbeans_lib_profiler_server_system_Stacks_getCurrentStackFrameIds@20 10002440 f   Stacks.obj
 0001:000014e0       _Java_org_netbeans_lib_profiler_server_system_Stacks_getMethodNamesForJMethodIds@20 100024e0 f   Stacks.obj
 0001:000018e0       _get_nano_time             100028e0 f   common_functions.obj
 0001:00001900       _report_usage              10002900 f   common_functions.obj
 0001:00001940       _initializeJVMTI           10002940 f   common_functions.obj
 0001:00001b10       _JNI_OnLoad@8              10002b10 f   common_functions.obj
 0001:00001b60       _Agent_OnLoad@12           10002b60 f   common_functions.obj
 0001:00001c50       _set_system_loader         10002c50 f   class_file_cache.obj
 0001:00001ce0       _loader_is_system_loader   10002ce0 f   class_file_cache.obj
 0001:00001d20       _cache_loaded_classes      10002d20 f   class_file_cache.obj
 0001:00001d70       _hash                      10002d70 f   class_file_cache.obj
 0001:00001da0       _grow_ctable               10002da0 f   class_file_cache.obj
 0001:00001f00       _save_class_file_bytes     10002f00 f   class_file_cache.obj
 0001:000020c0       _get_saved_class_file_bytes 100030c0 f   class_file_cache.obj
 0001:000021f0       _try_removing_bytes_for_unloaded_classes 100031f0 f   class_file_cache.obj
 0001:00002200       _class_file_load_hook@40   10003200 f   class_file_cache.obj
 0001:000022f0       _initializeMethods         100032f0 f   class_file_cache.obj
 0001:00002640       _native_method_bind_hook@24 10003640 f   class_file_cache.obj
 0001:000026c0       _waitInterceptor@16        100036c0 f   class_file_cache.obj
 0001:00002760       _sleepInterceptor@16       10003760 f   class_file_cache.obj
 0001:00002800       _monitor_contended_enter_hook@16 10003800 f   class_file_cache.obj
 0001:00002860       _monitor_contended_entered_hook@16 10003860 f   class_file_cache.obj
 0001:000028c0       _vm_object_alloc@28        100038c0 f   class_file_cache.obj
 0001:00002910       _Java_org_netbeans_lib_profiler_server_system_Classes_setWaitTrackingEnabled@12 10003910 f   class_file_cache.obj
 0001:00002930       _Java_org_netbeans_lib_profiler_server_system_Classes_setSleepTrackingEnabled@12 10003930 f   class_file_cache.obj
 0001:00002950       _Java_org_netbeans_lib_profiler_server_system_Classes_setVMObjectAllocEnabled@12 10003950 f   class_file_cache.obj
 0001:00002990       _parse_options_and_extract_params 10003990 f   attach.obj
 0001:00002b10       _setupAndCallProfilerRuntimeActivate 10003b10 f   attach.obj
 0001:00002c20       _vm_init_hook@12           10003c20 f   attach.obj
 0001:00002c40       __alldiv                   10003c40 f   MSVCRT:lldiv.obj
 0001:00002cf0       __allmul                   10003cf0 f   MSVCRT:llmul.obj
 0001:00002d24       __ftol                     10003d24 f   MSVCRT:MSVCRT.dll
 0001:00002d2a       __CRT_INIT@12              10003d2a f   MSVCRT:crtdll.obj
 0001:00002dd5       __DllMainCRTStartup@12     10003dd5 f   MSVCRT:crtdll.obj
 0001:00002e72       __initterm                 10003e72 f   MSVCRT:MSVCRT.dll
 0001:00002e78       _DllMain@12                10003e78 f   MSVCRT:dllmain.obj
 0002:00000000       __imp__GetModuleHandleA@4  10004000     kernel32:KERNEL32.dll
 0002:00000004       __imp__GetProcAddress@8    10004004     kernel32:KERNEL32.dll
 0002:00000008       __imp__DisableThreadLibraryCalls@4 10004008     kernel32:KERNEL32.dll
 0002:0000000c       \177KERNEL32_NULL_THUNK_DATA 1000400c     kernel32:KERNEL32.dll
 0002:00000010       __imp__fprintf             10004010     MSVCRT:MSVCRT.dll
 0002:00000014       __imp___iob                10004014     MSVCRT:MSVCRT.dll
 0002:00000018       __imp__memmove             10004018     MSVCRT:MSVCRT.dll
 0002:0000001c       __imp___ftol               1000401c     MSVCRT:MSVCRT.dll
 0002:00000020       __imp__strncpy             10004020     MSVCRT:MSVCRT.dll
 0002:00000024       __imp__strpbrk             10004024     MSVCRT:MSVCRT.dll
 0002:00000028       __imp__calloc              10004028     MSVCRT:MSVCRT.dll
 0002:0000002c       __imp__strtol              1000402c     MSVCRT:MSVCRT.dll
 0002:00000030       __imp___initterm           10004030     MSVCRT:MSVCRT.dll
 0002:00000034       __imp___adjust_fdiv        10004034     MSVCRT:MSVCRT.dll
 0002:00000038       __imp___assert             10004038     MSVCRT:MSVCRT.dll
 0002:0000003c       __imp__malloc              1000403c     MSVCRT:MSVCRT.dll
 0002:00000040       __imp__atoi                10004040     MSVCRT:MSVCRT.dll
 0002:00000044       __imp__free                10004044     MSVCRT:MSVCRT.dll
 0002:00000048       \177MSVCRT_NULL_THUNK_DATA 10004048     MSVCRT:MSVCRT.dll
 0002:0000004c       __real@4@4008fa00000000000000 1000404c     GC.obj
 0002:00000050       __IMPORT_DESCRIPTOR_MSVCRT 10004050     MSVCRT:MSVCRT.dll
 0002:00000064       __IMPORT_DESCRIPTOR_KERNEL32 10004064     kernel32:KERNEL32.dll
 0002:00000078       __NULL_IMPORT_DESCRIPTOR   10004078     MSVCRT:MSVCRT.dll
 0003:00000000       ___xc_a                    10005000     MSVCRT:cinitexe.obj
 0003:00000004       ___xc_z                    10005004     MSVCRT:cinitexe.obj
 0003:00000008       ___xi_a                    10005008     MSVCRT:cinitexe.obj
 0003:0000000c       ___xi_z                    1000500c     MSVCRT:cinitexe.obj
 0003:00001710       __jvmti                    10006710     <common>
 0003:00001714       __jvmti_callbacks          10006714     <common>
 0003:00001718       _JVM_DumpHeap15            10006718     <common>
 0003:0000171c       __adjust_fdiv              1000671c     <common>
 0003:00001720       ___onexitend               10006720     <common>
 0003:00001724       ___onexitbegin             10006724     <common>
 0003:00001728       __pRawDllMain              10006728     <common>

 entry point at        0001:00002dd5

 Static symbols

 0001:000014d0       _convert_jmethodID_to_jint 100024d0 f   Stacks.obj
 0001:000017e0       _convert_jint_to_jmethodID 100027e0 f   Stacks.obj
 0001:000017f0       _copy_into_data_array      100027f0 f   Stacks.obj
 0001:000018b0       _copy_dummy_names_into_data_array 100028b0 f   Stacks.obj
 0001:00000eb0       _isProfilerThread          10001eb0 f   Threads.obj
